Archive member included to satisfy reference by file (symbol)

/usr/local/Cellar/arm-gcc-bin/9-2019-q4-major/bin/../lib/gcc/arm-none-eabi/9.2.1/thumb/v6-m/nofp/libgcc.a(_dvmd_tls.o)
                              Examples/ArduCAM_Mini_2MP_Plus_4CAM_VideoStreaming/CMakeFiles/ArduCAM_Mini_2MP_Plus_4CAM_VideoStreaming.dir/Users/mherbert/pico-sdk/src/rp2_common/pico_divider/divider.S.obj (__aeabi_idiv0)
/usr/local/Cellar/arm-gcc-bin/9-2019-q4-major/bin/../lib/gcc/arm-none-eabi/9.2.1/../../../../arm-none-eabi/lib/thumb/v6-m/nofp/libg.a(lib_a-calloc.o)
                              Examples/ArduCAM_Mini_2MP_Plus_4CAM_VideoStreaming/CMakeFiles/ArduCAM_Mini_2MP_Plus_4CAM_VideoStreaming.dir/Users/mherbert/pico-sdk/src/rp2_common/pico_malloc/pico_malloc.c.obj (calloc)
/usr/local/Cellar/arm-gcc-bin/9-2019-q4-major/bin/../lib/gcc/arm-none-eabi/9.2.1/../../../../arm-none-eabi/lib/thumb/v6-m/nofp/libg.a(lib_a-callocr.o)
                              /usr/local/Cellar/arm-gcc-bin/9-2019-q4-major/bin/../lib/gcc/arm-none-eabi/9.2.1/../../../../arm-none-eabi/lib/thumb/v6-m/nofp/libg.a(lib_a-calloc.o) (_calloc_r)
/usr/local/Cellar/arm-gcc-bin/9-2019-q4-major/bin/../lib/gcc/arm-none-eabi/9.2.1/../../../../arm-none-eabi/lib/thumb/v6-m/nofp/libg.a(lib_a-impure.o)
                              /usr/local/Cellar/arm-gcc-bin/9-2019-q4-major/bin/../lib/gcc/arm-none-eabi/9.2.1/../../../../arm-none-eabi/lib/thumb/v6-m/nofp/libg.a(lib_a-calloc.o) (_impure_ptr)
/usr/local/Cellar/arm-gcc-bin/9-2019-q4-major/bin/../lib/gcc/arm-none-eabi/9.2.1/../../../../arm-none-eabi/lib/thumb/v6-m/nofp/libg.a(lib_a-init.o)
                              /usr/local/Cellar/arm-gcc-bin/9-2019-q4-major/bin/../lib/gcc/arm-none-eabi/9.2.1/../../../../arm-none-eabi/lib/thumb/v6-m/nofp/crt0.o (__libc_init_array)
/usr/local/Cellar/arm-gcc-bin/9-2019-q4-major/bin/../lib/gcc/arm-none-eabi/9.2.1/../../../../arm-none-eabi/lib/thumb/v6-m/nofp/libg.a(lib_a-malloc.o)
                              Examples/ArduCAM_Mini_2MP_Plus_4CAM_VideoStreaming/CMakeFiles/ArduCAM_Mini_2MP_Plus_4CAM_VideoStreaming.dir/Users/mherbert/pico-sdk/src/rp2_common/pico_malloc/pico_malloc.c.obj (malloc)
/usr/local/Cellar/arm-gcc-bin/9-2019-q4-major/bin/../lib/gcc/arm-none-eabi/9.2.1/../../../../arm-none-eabi/lib/thumb/v6-m/nofp/libg.a(lib_a-mallocr.o)
                              /usr/local/Cellar/arm-gcc-bin/9-2019-q4-major/bin/../lib/gcc/arm-none-eabi/9.2.1/../../../../arm-none-eabi/lib/thumb/v6-m/nofp/libg.a(lib_a-callocr.o) (_malloc_r)
/usr/local/Cellar/arm-gcc-bin/9-2019-q4-major/bin/../lib/gcc/arm-none-eabi/9.2.1/../../../../arm-none-eabi/lib/thumb/v6-m/nofp/libg.a(lib_a-mlock.o)
                              /usr/local/Cellar/arm-gcc-bin/9-2019-q4-major/bin/../lib/gcc/arm-none-eabi/9.2.1/../../../../arm-none-eabi/lib/thumb/v6-m/nofp/libg.a(lib_a-mallocr.o) (__malloc_lock)
/usr/local/Cellar/arm-gcc-bin/9-2019-q4-major/bin/../lib/gcc/arm-none-eabi/9.2.1/../../../../arm-none-eabi/lib/thumb/v6-m/nofp/libg.a(lib_a-realloc.o)
                              Examples/ArduCAM_Mini_2MP_Plus_4CAM_VideoStreaming/CMakeFiles/ArduCAM_Mini_2MP_Plus_4CAM_VideoStreaming.dir/Users/mherbert/pico-sdk/src/rp2_common/pico_malloc/pico_malloc.c.obj (realloc)
/usr/local/Cellar/arm-gcc-bin/9-2019-q4-major/bin/../lib/gcc/arm-none-eabi/9.2.1/../../../../arm-none-eabi/lib/thumb/v6-m/nofp/libg.a(lib_a-reallocr.o)
                              /usr/local/Cellar/arm-gcc-bin/9-2019-q4-major/bin/../lib/gcc/arm-none-eabi/9.2.1/../../../../arm-none-eabi/lib/thumb/v6-m/nofp/libg.a(lib_a-realloc.o) (_realloc_r)
/usr/local/Cellar/arm-gcc-bin/9-2019-q4-major/bin/../lib/gcc/arm-none-eabi/9.2.1/../../../../arm-none-eabi/lib/thumb/v6-m/nofp/libg.a(lib_a-sbrkr.o)
                              /usr/local/Cellar/arm-gcc-bin/9-2019-q4-major/bin/../lib/gcc/arm-none-eabi/9.2.1/../../../../arm-none-eabi/lib/thumb/v6-m/nofp/libg.a(lib_a-mallocr.o) (_sbrk_r)
/usr/local/Cellar/arm-gcc-bin/9-2019-q4-major/bin/../lib/gcc/arm-none-eabi/9.2.1/../../../../arm-none-eabi/lib/thumb/v6-m/nofp/libg.a(lib_a-strlen-stub.o)
                              Examples/ArduCAM_Mini_2MP_Plus_4CAM_VideoStreaming/CMakeFiles/ArduCAM_Mini_2MP_Plus_4CAM_VideoStreaming.dir/Users/mherbert/pico-sdk/src/rp2_common/pico_stdio/stdio.c.obj (strlen)
/usr/local/Cellar/arm-gcc-bin/9-2019-q4-major/bin/../lib/gcc/arm-none-eabi/9.2.1/../../../../arm-none-eabi/lib/thumb/v6-m/nofp/libg.a(lib_a-freer.o)
                              /usr/local/Cellar/arm-gcc-bin/9-2019-q4-major/bin/../lib/gcc/arm-none-eabi/9.2.1/../../../../arm-none-eabi/lib/thumb/v6-m/nofp/libg.a(lib_a-malloc.o) (_free_r)
/usr/local/Cellar/arm-gcc-bin/9-2019-q4-major/bin/../lib/gcc/arm-none-eabi/9.2.1/../../../../arm-none-eabi/lib/thumb/v6-m/nofp/libg.a(lib_a-lock.o)
                              /usr/local/Cellar/arm-gcc-bin/9-2019-q4-major/bin/../lib/gcc/arm-none-eabi/9.2.1/../../../../arm-none-eabi/lib/thumb/v6-m/nofp/libg.a(lib_a-mlock.o) (__retarget_lock_acquire_recursive)
[...]
Memory Configuration

Name             Origin             Length             Attributes
FLASH            0x0000000010000000 0x0000000000200000 xr
RAM              0x0000000020000000 0x0000000000040000 xrw
SCRATCH_X        0x0000000020040000 0x0000000000001000 xrw
SCRATCH_Y        0x0000000020041000 0x0000000000001000 xrw
*default*        0x0000000000000000 0xffffffffffffffff

Linker script and memory map

LOAD /usr/local/Cellar/arm-gcc-bin/9-2019-q4-major/bin/../lib/gcc/arm-none-eabi/9.2.1/thumb/v6-m/nofp/crti.o
LOAD /usr/local/Cellar/arm-gcc-bin/9-2019-q4-major/bin/../lib/gcc/arm-none-eabi/9.2.1/thumb/v6-m/nofp/crtbegin.o
LOAD /usr/local/Cellar/arm-gcc-bin/9-2019-q4-major/bin/../lib/gcc/arm-none-eabi/9.2.1/../../../../arm-none-eabi/lib/thumb/v6-m/nofp/crt0.o

.flash_begin    0x0000000010000000        0x0
                0x0000000010000000                __flash_binary_start = .

.boot2          0x0000000010000000      0x100
                0x0000000010000000                __boot2_start__ = .
 *(.boot2)
 .boot2         0x0000000010000000      0x100 /var/folders/c8/_g6z8j1s25lgqjtslz27gpjh0000gn/T//cc6bwkV6.o
                0x0000000010000100                __boot2_end__ = .
                0x0000000000000001                ASSERT (((__boot2_end__ - __boot2_start__) == 0x100), ERROR: Pico second stage bootloader must be 256 bytes in size)

.text           0x0000000010000100     0x85f8
                0x0000000010000100                __logical_binary_start = .
 *(.vectors)
 .vectors       0x0000000010000100       0xd4 Examples/ArduCAM_Mini_2MP_Plus_4CAM_VideoStreaming/CMakeFiles/ArduCAM_Mini_2MP_Plus_4CAM_VideoStreaming.dir/Users/mherbert/pico-sdk/src/rp2_common/pico_standard_link/crt0.S.obj
                0x0000000010000100                __VECTOR_TABLE
                0x0000000010000100                __vectors
                0x00000000100001c0                __default_isrs_start
                0x00000000100001c0                isr_invalid
                0x00000000100001c2                isr_nmi
                0x00000000100001c4                isr_hardfault
                0x00000000100001c6                isr_svcall
                0x00000000100001c8                isr_pendsv
                0x00000000100001ca                isr_systick
                0x00000000100001cc                isr_irq28
                0x00000000100001cc                isr_irq19
                0x00000000100001cc                isr_irq0
                0x00000000100001cc                isr_irq6
                0x00000000100001cc                isr_irq22
                0x00000000100001cc                isr_irq17
                0x00000000100001cc                isr_irq14
                0x00000000100001cc                isr_irq2
                0x00000000100001cc                isr_irq10
                0x00000000100001cc                isr_irq8
                0x00000000100001cc                isr_irq24
                0x00000000100001cc                isr_irq1
                0x00000000100001cc                isr_irq7
                0x00000000100001cc                isr_irq21
                0x00000000100001cc                isr_irq20
                0x00000000100001cc                isr_irq15
                0x00000000100001cc                isr_irq25
                0x00000000100001cc                isr_irq4
                0x00000000100001cc                isr_irq16
                0x00000000100001cc                isr_irq29
                0x00000000100001cc                isr_irq26
                0x00000000100001cc                __default_isrs_end
                0x00000000100001cc                isr_irq3
                0x00000000100001cc                isr_irq9
                0x00000000100001cc                __unhandled_user_irq
                0x00000000100001cc                isr_irq13
                0x00000000100001cc                isr_irq27
                0x00000000100001cc                isr_irq31
                0x00000000100001cc                isr_irq5
                0x00000000100001cc                isr_irq11
                0x00000000100001cc                isr_irq23
                0x00000000100001cc                isr_irq18
                0x00000000100001cc                isr_irq30
                0x00000000100001cc                isr_irq12
                0x00000000100001d2                unhandled_user_irq_num_in_r0
 *(.binary_info_header)
 .binary_info_header
                0x00000000100001d4       0x14 Examples/ArduCAM_Mini_2MP_Plus_4CAM_VideoStreaming/CMakeFiles/ArduCAM_Mini_2MP_Plus_4CAM_VideoStreaming.dir/Users/mherbert/pico-sdk/src/rp2_common/pico_standard_link/crt0.S.obj
                0x00000000100001e8                __binary_info_header_end = .
 *(.reset)
 .reset         0x00000000100001e8       0xa0 Examples/ArduCAM_Mini_2MP_Plus_4CAM_VideoStreaming/CMakeFiles/ArduCAM_Mini_2MP_Plus_4CAM_VideoStreaming.dir/Users/mherbert/pico-sdk/src/rp2_common/pico_standard_link/crt0.S.obj
                0x00000000100001e8                _entry_point
 .reset         0x0000000010000288       0x30 Examples/ArduCAM_Mini_2MP_Plus_4CAM_VideoStreaming/CMakeFiles/ArduCAM_Mini_2MP_Plus_4CAM_VideoStreaming.dir/Users/mherbert/pico-sdk/src/rp2_common/pico_standard_link/binary_info.c.obj
 *(.init)
 .init          0x00000000100002b8        0x4 /usr/local/Cellar/arm-gcc-bin/9-2019-q4-major/bin/../lib/gcc/arm-none-eabi/9.2.1/thumb/v6-m/nofp/crti.o
                0x00000000100002b8                _init
 *(EXCLUDE_FILE(*libm.a: *libc.a:*lib_a-mem*.o *libgcc.a:) .text*)
 .text          0x00000000100002bc       0x48 /usr/local/Cellar/arm-gcc-bin/9-2019-q4-major/bin/../lib/gcc/arm-none-eabi/9.2.1/thumb/v6-m/nofp/crtbegin.o
 .text._Z41__static_initialization_and_destruction_0ii
                0x0000000010000304       0x4c Examples/ArduCAM_Mini_2MP_Plus_4CAM_VideoStreaming/CMakeFiles/ArduCAM_Mini_2MP_Plus_4CAM_VideoStreaming.dir/ArduCAM_Mini_2MP_Plus_4CAM_VideoStreaming.cpp.obj
 .text._Z9SerialUsbPhm
                0x0000000010000350       0xb8 Examples/ArduCAM_Mini_2MP_Plus_4CAM_VideoStreaming/CMakeFiles/ArduCAM_Mini_2MP_Plus_4CAM_VideoStreaming.dir/ArduCAM_Mini_2MP_Plus_4CAM_VideoStreaming.cpp.obj
                0x0000000010000350                SerialUsb(unsigned char*, unsigned long)
 .text._Z15read_fifo_burst7ArduCAM
                0x0000000010000408       0x4c Examples/ArduCAM_Mini_2MP_Plus_4CAM_VideoStreaming/CMakeFiles/ArduCAM_Mini_2MP_Plus_4CAM_VideoStreaming.dir/ArduCAM_Mini_2MP_Plus_4CAM_VideoStreaming.cpp.obj
                0x0000000010000408                read_fifo_burst(ArduCAM)
 .text._Z18SerialUSBAvailablev
                0x0000000010000454        0xa Examples/ArduCAM_Mini_2MP_Plus_4CAM_VideoStreaming/CMakeFiles/ArduCAM_Mini_2MP_Plus_4CAM_VideoStreaming.dir/ArduCAM_Mini_2MP_Plus_4CAM_VideoStreaming.cpp.obj
                0x0000000010000454                SerialUSBAvailable()
 .text._Z13SerialUsbReadv
                0x000000001000045e       0x42 Examples/ArduCAM_Mini_2MP_Plus_4CAM_VideoStreaming/CMakeFiles/ArduCAM_Mini_2MP_Plus_4CAM_VideoStreaming.dir/ArduCAM_Mini_2MP_Plus_4CAM_VideoStreaming.cpp.obj
                0x000000001000045e                SerialUsbRead()
 .text.main     0x00000000100004a0      0x508 Examples/ArduCAM_Mini_2MP_Plus_4CAM_VideoStreaming/CMakeFiles/ArduCAM_Mini_2MP_Plus_4CAM_VideoStreaming.dir/ArduCAM_Mini_2MP_Plus_4CAM_VideoStreaming.cpp.obj
                0x00000000100004a0                main
 .text._GLOBAL__sub_I_start_capture
                0x00000000100009a8       0x10 Examples/ArduCAM_Mini_2MP_Plus_4CAM_VideoStreaming/CMakeFiles/ArduCAM_Mini_2MP_Plus_4CAM_VideoStreaming.dir/ArduCAM_Mini_2MP_Plus_4CAM_VideoStreaming.cpp.obj
 .text.gpio_set_function
                0x00000000100009b8       0x30 Examples/ArduCAM_Mini_2MP_Plus_4CAM_VideoStreaming/CMakeFiles/ArduCAM_Mini_2MP_Plus_4CAM_VideoStreaming.dir/Users/mherbert/pico-sdk/src/rp2_common/hardware_gpio/gpio.c.obj
                0x00000000100009b8                gpio_set_function
 .text.gpio_set_pulls
                0x00000000100009e8       0x34 Examples/ArduCAM_Mini_2MP_Plus_4CAM_VideoStreaming/CMakeFiles/ArduCAM_Mini_2MP_Plus_4CAM_VideoStreaming.dir/Users/mherbert/pico-sdk/src/rp2_common/hardware_gpio/gpio.c.obj
                0x00000000100009e8                gpio_set_pulls
 .text.gpio_init
                0x0000000010000a1c       0x16 Examples/ArduCAM_Mini_2MP_Plus_4CAM_VideoStreaming/CMakeFiles/ArduCAM_Mini_2MP_Plus_4CAM_VideoStreaming.dir/Users/mherbert/pico-sdk/src/rp2_common/hardware_gpio/gpio.c.obj
                0x0000000010000a1c                gpio_init
 *fill*         0x0000000010000a32        0x2 
 .text.running_on_fpga
                0x0000000010000a34       0x14 Examples/ArduCAM_Mini_2MP_Plus_4CAM_VideoStreaming/CMakeFiles/ArduCAM_Mini_2MP_Plus_4CAM_VideoStreaming.dir/Users/mherbert/pico-sdk/src/rp2_common/pico_platform/platform.c.obj
                0x0000000010000a34                running_on_fpga
 .text.hw_claim_lock
                0x0000000010000a48       0x18 Examples/ArduCAM_Mini_2MP_Plus_4CAM_VideoStreaming/CMakeFiles/ArduCAM_Mini_2MP_Plus_4CAM_VideoStreaming.dir/Users/mherbert/pico-sdk/src/rp2_common/hardware_claim/claim.c.obj
                0x0000000010000a48                hw_claim_lock
 .text.hw_claim_unlock
                0x0000000010000a60       0x14 Examples/ArduCAM_Mini_2MP_Plus_4CAM_VideoStreaming/CMakeFiles/ArduCAM_Mini_2MP_Plus_4CAM_VideoStreaming.dir/Users/mherbert/pico-sdk/src/rp2_common/hardware_claim/claim.c.obj
                0x0000000010000a60                hw_claim_unlock
 .text.hw_claim_or_assert
                0x0000000010000a74       0x32 Examples/ArduCAM_Mini_2MP_Plus_4CAM_VideoStreaming/CMakeFiles/ArduCAM_Mini_2MP_Plus_4CAM_VideoStreaming.dir/Users/mherbert/pico-sdk/src/rp2_common/hardware_claim/claim.c.obj
                0x0000000010000a74                hw_claim_or_assert
 .text.hw_claim_unused_from_range
                0x0000000010000aa6       0x50 Examples/ArduCAM_Mini_2MP_Plus_4CAM_VideoStreaming/CMakeFiles/ArduCAM_Mini_2MP_Plus_4CAM_VideoStreaming.dir/Users/mherbert/pico-sdk/src/rp2_common/hardware_claim/claim.c.obj
                0x0000000010000aa6                hw_claim_unused_from_range
 *fill*         0x0000000010000af6        0x2 
 .text.spin_locks_reset
                0x0000000010000af8       0x20 Examples/ArduCAM_Mini_2MP_Plus_4CAM_VideoStreaming/CMakeFiles/ArduCAM_Mini_2MP_Plus_4CAM_VideoStreaming.dir/Users/mherbert/pico-sdk/src/rp2_common/hardware_sync/sync.c.obj
                0x0000000010000af8                spin_locks_reset
 .text.next_striped_spin_lock_num
                0x0000000010000b18       0x1c Examples/ArduCAM_Mini_2MP_Plus_4CAM_VideoStreaming/CMakeFiles/ArduCAM_Mini_2MP_Plus_4CAM_VideoStreaming.dir/Users/mherbert/pico-sdk/src/rp2_common/hardware_sync/sync.c.obj
                0x0000000010000b18                next_striped_spin_lock_num
 .text.spin_lock_claim_unused
                0x0000000010000b34       0x20 Examples/ArduCAM_Mini_2MP_Plus_4CAM_VideoStreaming/CMakeFiles/ArduCAM_Mini_2MP_Plus_4CAM_VideoStreaming.dir/Users/mherbert/pico-sdk/src/rp2_common/hardware_sync/sync.c.obj
                0x0000000010000b34                spin_lock_claim_unused
 .text.set_raw_irq_handler_and_unlock
                0x0000000010000b54       0x28 Examples/ArduCAM_Mini_2MP_Plus_4CAM_VideoStreaming/CMakeFiles/ArduCAM_Mini_2MP_Plus_4CAM_VideoStreaming.dir/Users/mherbert/pico-sdk/src/rp2_common/hardware_irq/irq.c.obj
 .text.make_branch
                0x0000000010000b7c       0x48 Examples/ArduCAM_Mini_2MP_Plus_4CAM_VideoStreaming/CMakeFiles/ArduCAM_Mini_2MP_Plus_4CAM_VideoStreaming.dir/Users/mherbert/pico-sdk/src/rp2_common/hardware_irq/irq.c.obj
 .text.insert_branch_and_link
                0x0000000010000bc4       0x40 Examples/ArduCAM_Mini_2MP_Plus_4CAM_VideoStreaming/CMakeFiles/ArduCAM_Mini_2MP_Plus_4CAM_VideoStreaming.dir/Users/mherbert/pico-sdk/src/rp2_common/hardware_irq/irq.c.obj
 .text.irq_is_enabled
                0x0000000010000c04       0x18 Examples/ArduCAM_Mini_2MP_Plus_4CAM_VideoStreaming/CMakeFiles/ArduCAM_Mini_2MP_Plus_4CAM_VideoStreaming.dir/Users/mherbert/pico-sdk/src/rp2_common/hardware_irq/irq.c.obj
                0x0000000010000c04                irq_is_enabled
 .text.irq_set_mask_enabled
                0x0000000010000c1c       0x20 Examples/ArduCAM_Mini_2MP_Plus_4CAM_VideoStreaming/CMakeFiles/ArduCAM_Mini_2MP_Plus_4CAM_VideoStreaming.dir/Users/mherbert/pico-sdk/src/rp2_common/hardware_irq/irq.c.obj
                0x0000000010000c1c                irq_set_mask_enabled
 .text.irq_set_enabled
                0x0000000010000c3c        0xe Examples/ArduCAM_Mini_2MP_Plus_4CAM_VideoStreaming/CMakeFiles/ArduCAM_Mini_2MP_Plus_4CAM_VideoStreaming.dir/Users/mherbert/pico-sdk/src/rp2_common/hardware_irq/irq.c.obj
                0x0000000010000c3c                irq_set_enabled
 *fill*         0x0000000010000c4a        0x2 
 .text.irq_set_pending
                0x0000000010000c4c       0x10 Examples/ArduCAM_Mini_2MP_Plus_4CAM_VideoStreaming/CMakeFiles/ArduCAM_Mini_2MP_Plus_4CAM_VideoStreaming.dir/Users/mherbert/pico-sdk/src/rp2_common/hardware_irq/irq.c.obj
                0x0000000010000c4c                irq_set_pending
 .text.irq_get_vtable_handler
                0x0000000010000c5c       0x10 Examples/ArduCAM_Mini_2MP_Plus_4CAM_VideoStreaming/CMakeFiles/ArduCAM_Mini_2MP_Plus_4CAM_VideoStreaming.dir/Users/mherbert/pico-sdk/src/rp2_common/hardware_irq/irq.c.obj
                0x0000000010000c5c                irq_get_vtable_handler
 .text.irq_has_shared_handler
                0x0000000010000c6c       0x24 Examples/ArduCAM_Mini_2MP_Plus_4CAM_VideoStreaming/CMakeFiles/ArduCAM_Mini_2MP_Plus_4CAM_VideoStreaming.dir/Users/mherbert/pico-sdk/src/rp2_common/hardware_irq/irq.c.obj
                0x0000000010000c6c                irq_has_shared_handler
 .text.irq_set_exclusive_handler
                0x0000000010000c90       0x54 Examples/ArduCAM_Mini_2MP_Plus_4CAM_VideoStreaming/CMakeFiles/ArduCAM_Mini_2MP_Plus_4CAM_VideoStreaming.dir/Users/mherbert/pico-sdk/src/rp2_common/hardware_irq/irq.c.obj
                0x0000000010000c90                irq_set_exclusive_handler
 .text.irq_add_shared_handler
                0x0000000010000ce4      0x234 Examples/ArduCAM_Mini_2MP_Plus_4CAM_VideoStreaming/CMakeFiles/ArduCAM_Mini_2MP_Plus_4CAM_VideoStreaming.dir/Users/mherbert/pico-sdk/src/rp2_common/hardware_irq/irq.c.obj
                0x0000000010000ce4                irq_add_shared_handler
 .text.irq_remove_handler
                0x0000000010000f18      0x1ac Examples/ArduCAM_Mini_2MP_Plus_4CAM_VideoStreaming/CMakeFiles/ArduCAM_Mini_2MP_Plus_4CAM_VideoStreaming.dir/Users/mherbert/pico-sdk/src/rp2_common/hardware_irq/irq.c.obj
                0x0000000010000f18                irq_remove_handler
 .text.irq_add_tail_to_free_list
                0x00000000100010c4       0xf0 Examples/ArduCAM_Mini_2MP_Plus_4CAM_VideoStreaming/CMakeFiles/ArduCAM_Mini_2MP_Plus_4CAM_VideoStreaming.dir/Users/mherbert/pico-sdk/src/rp2_common/hardware_irq/irq.c.obj
                0x00000000100010c4                irq_add_tail_to_free_list
 .text.irq_init_priorities
                0x00000000100011b4       0x1c Examples/ArduCAM_Mini_2MP_Plus_4CAM_VideoStreaming/CMakeFiles/ArduCAM_Mini_2MP_Plus_4CAM_VideoStreaming.dir/Users/mherbert/pico-sdk/src/rp2_common/hardware_irq/irq.c.obj
                0x00000000100011b4                irq_init_priorities
 .text.user_irq_claim_unused
                0x00000000100011d0       0x28 Examples/ArduCAM_Mini_2MP_Plus_4CAM_VideoStreaming/CMakeFiles/ArduCAM_Mini_2MP_Plus_4CAM_VideoStreaming.dir/Users/mherbert/pico-sdk/src/rp2_common/hardware_irq/irq.c.obj
                0x00000000100011d0                user_irq_claim_unused
 .text.lock_init
                0x00000000100011f8       0x10 Examples/ArduCAM_Mini_2MP_Plus_4CAM_VideoStreaming/CMakeFiles/ArduCAM_Mini_2MP_Plus_4CAM_VideoStreaming.dir/Users/mherbert/pico-sdk/src/common/pico_sync/lock_core.c.obj
                0x00000000100011f8                lock_init
 .text.mutex_init
                0x0000000010001208       0x1a Examples/ArduCAM_Mini_2MP_Plus_4CAM_VideoStreaming/CMakeFiles/ArduCAM_Mini_2MP_Plus_4CAM_VideoStreaming.dir/Users/mherbert/pico-sdk/src/common/pico_sync/mutex.c.obj
                0x0000000010001208                mutex_init
 .text.recursive_mutex_init
                0x0000000010001222       0x1e Examples/ArduCAM_Mini_2MP_Plus_4CAM_VideoStreaming/CMakeFiles/ArduCAM_Mini_2MP_Plus_4CAM_VideoStreaming.dir/Users/mherbert/pico-sdk/src/common/pico_sync/mutex.c.obj
                0x0000000010001222                recursive_mutex_init
 .text.critical_section_init_with_lock_num
                0x0000000010001240       0x14 Examples/ArduCAM_Mini_2MP_Plus_4CAM_VideoStreaming/CMakeFiles/ArduCAM_Mini_2MP_Plus_4CAM_VideoStreaming.dir/Users/mherbert/pico-sdk/src/common/pico_sync/critical_section.c.obj
                0x0000000010001240                critical_section_init_with_lock_num
 .text.critical_section_init
                0x0000000010001254       0x14 Examples/ArduCAM_Mini_2MP_Plus_4CAM_VideoStreaming/CMakeFiles/ArduCAM_Mini_2MP_Plus_4CAM_VideoStreaming.dir/Users/mherbert/pico-sdk/src/common/pico_sync/critical_section.c.obj
                0x0000000010001254                critical_section_init
 .text.alarm_pool_post_alloc_init
                0x0000000010001268       0x40 Examples/ArduCAM_Mini_2MP_Plus_4CAM_VideoStreaming/CMakeFiles/ArduCAM_Mini_2MP_Plus_4CAM_VideoStreaming.dir/Users/mherbert/pico-sdk/src/common/pico_time/time.c.obj
 .text.sleep_until_callback
                0x00000000100012a8       0x30 Examples/ArduCAM_Mini_2MP_Plus_4CAM_VideoStreaming/CMakeFiles/ArduCAM_Mini_2MP_Plus_4CAM_VideoStreaming.dir/Users/mherbert/pico-sdk/src/common/pico_time/time.c.obj
 .text.timer_pool_entry_comparator
                0x00000000100012d8       0x7c Examples/ArduCAM_Mini_2MP_Plus_4CAM_VideoStreaming/CMakeFiles/ArduCAM_Mini_2MP_Plus_4CAM_VideoStreaming.dir/Users/mherbert/pico-sdk/src/common/pico_time/time.c.obj
                0x00000000100012d8                timer_pool_entry_comparator
 .text.ph_add_child_node
                0x0000000010001354       0xa4 Examples/ArduCAM_Mini_2MP_Plus_4CAM_VideoStreaming/CMakeFiles/ArduCAM_Mini_2MP_Plus_4CAM_VideoStreaming.dir/Users/mherbert/pico-sdk/src/common/pico_time/time.c.obj
 .text.ph_merge_nodes
                0x00000000100013f8       0x3e Examples/ArduCAM_Mini_2MP_Plus_4CAM_VideoStreaming/CMakeFiles/ArduCAM_Mini_2MP_Plus_4CAM_VideoStreaming.dir/Users/mherbert/pico-sdk/src/common/pico_time/time.c.obj
 *fill*         0x0000000010001436        0x2 
 .text.add_alarm_under_lock
                0x0000000010001438      0x174 Examples/ArduCAM_Mini_2MP_Plus_4CAM_VideoStreaming/CMakeFiles/ArduCAM_Mini_2MP_Plus_4CAM_VideoStreaming.dir/Users/mherbert/pico-sdk/src/common/pico_time/time.c.obj
 .text.alarm_pool_alarm_callback
                0x00000000100015ac      0x33c Examples/ArduCAM_Mini_2MP_Plus_4CAM_VideoStreaming/CMakeFiles/ArduCAM_Mini_2MP_Plus_4CAM_VideoStreaming.dir/Users/mherbert/pico-sdk/src/common/pico_time/time.c.obj
 .text.alarm_pool_init_default
                0x00000000100018e8       0x40 Examples/ArduCAM_Mini_2MP_Plus_4CAM_VideoStreaming/CMakeFiles/ArduCAM_Mini_2MP_Plus_4CAM_VideoStreaming.dir/Users/mherbert/pico-sdk/src/common/pico_time/time.c.obj
                0x00000000100018e8                alarm_pool_init_default
 .text.alarm_pool_get_default
                0x0000000010001928       0x2c Examples/ArduCAM_Mini_2MP_Plus_4CAM_VideoStreaming/CMakeFiles/ArduCAM_Mini_2MP_Plus_4CAM_VideoStreaming.dir/Users/mherbert/pico-sdk/src/common/pico_time/time.c.obj
                0x0000000010001928                alarm_pool_get_default
 .text.alarm_pool_add_alarm_at
                0x0000000010001954      0x168 Examples/ArduCAM_Mini_2MP_Plus_4CAM_VideoStreaming/CMakeFiles/ArduCAM_Mini_2MP_Plus_4CAM_VideoStreaming.dir/Users/mherbert/pico-sdk/src/common/pico_time/time.c.obj
                0x0000000010001954                alarm_pool_add_alarm_at
 .text.alarm_pool_cancel_alarm
                0x0000000010001abc       0xf8 Examples/ArduCAM_Mini_2MP_Plus_4CAM_VideoStreaming/CMakeFiles/ArduCAM_Mini_2MP_Plus_4CAM_VideoStreaming.dir/Users/mherbert/pico-sdk/src/common/pico_time/time.c.obj
                0x0000000010001abc                alarm_pool_cancel_alarm
 .text.alarm_pool_core_num
                0x0000000010001bb4        0x4 Examples/ArduCAM_Mini_2MP_Plus_4CAM_VideoStreaming/CMakeFiles/ArduCAM_Mini_2MP_Plus_4CAM_VideoStreaming.dir/Users/mherbert/pico-sdk/src/common/pico_time/time.c.obj
                0x0000000010001bb4                alarm_pool_core_num
 .text.sleep_until
                0x0000000010001bb8       0xfc Examples/ArduCAM_Mini_2MP_Plus_4CAM_VideoStreaming/CMakeFiles/ArduCAM_Mini_2MP_Plus_4CAM_VideoStreaming.dir/Users/mherbert/pico-sdk/src/common/pico_time/time.c.obj
                0x0000000010001bb8                sleep_until
 .text.sleep_us
                0x0000000010001cb4       0x58 Examples/ArduCAM_Mini_2MP_Plus_4CAM_VideoStreaming/CMakeFiles/ArduCAM_Mini_2MP_Plus_4CAM_VideoStreaming.dir/Users/mherbert/pico-sdk/src/common/pico_time/time.c.obj
                0x0000000010001cb4                sleep_us
 .text.sleep_ms
                0x0000000010001d0c       0x14 Examples/ArduCAM_Mini_2MP_Plus_4CAM_VideoStreaming/CMakeFiles/ArduCAM_Mini_2MP_Plus_4CAM_VideoStreaming.dir/Users/mherbert/pico-sdk/src/common/pico_time/time.c.obj
                0x0000000010001d0c                sleep_ms
 .text.best_effort_wfe_or_timeout
                0x0000000010001d20       0xac Examples/ArduCAM_Mini_2MP_Plus_4CAM_VideoStreaming/CMakeFiles/ArduCAM_Mini_2MP_Plus_4CAM_VideoStreaming.dir/Users/mherbert/pico-sdk/src/common/pico_time/time.c.obj
                0x0000000010001d20                best_effort_wfe_or_timeout
 .text.hardware_alarm_irq_handler
                0x0000000010001dcc       0x90 Examples/ArduCAM_Mini_2MP_Plus_4CAM_VideoStreaming/CMakeFiles/ArduCAM_Mini_2MP_Plus_4CAM_VideoStreaming.dir/Users/mherbert/pico-sdk/src/rp2_common/hardware_timer/timer.c.obj
 .text.hardware_alarm_claim
                0x0000000010001e5c       0x18 Examples/ArduCAM_Mini_2MP_Plus_4CAM_VideoStreaming/CMakeFiles/ArduCAM_Mini_2MP_Plus_4CAM_VideoStreaming.dir/Users/mherbert/pico-sdk/src/rp2_common/hardware_timer/timer.c.obj
                0x0000000010001e5c                hardware_alarm_claim
 .text.time_us_64
                0x0000000010001e74       0x18 Examples/ArduCAM_Mini_2MP_Plus_4CAM_VideoStreaming/CMakeFiles/ArduCAM_Mini_2MP_Plus_4CAM_VideoStreaming.dir/Users/mherbert/pico-sdk/src/rp2_common/hardware_timer/timer.c.obj
                0x0000000010001e74                time_us_64
 .text.busy_wait_until
                0x0000000010001e8c       0x24 Examples/ArduCAM_Mini_2MP_Plus_4CAM_VideoStreaming/CMakeFiles/ArduCAM_Mini_2MP_Plus_4CAM_VideoStreaming.dir/Users/mherbert/pico-sdk/src/rp2_common/hardware_timer/timer.c.obj
                0x0000000010001e8c                busy_wait_until
 .text.hardware_alarm_set_callback
                0x0000000010001eb0       0x90 Examples/ArduCAM_Mini_2MP_Plus_4CAM_VideoStreaming/CMakeFiles/ArduCAM_Mini_2MP_Plus_4CAM_VideoStreaming.dir/Users/mherbert/pico-sdk/src/rp2_common/hardware_timer/timer.c.obj
                0x0000000010001eb0                hardware_alarm_set_callback
 .text.hardware_alarm_set_target
                0x0000000010001f40       0xe8 Examples/ArduCAM_Mini_2MP_Plus_4CAM_VideoStreaming/CMakeFiles/ArduCAM_Mini_2MP_Plus_4CAM_VideoStreaming.dir/Users/mherbert/pico-sdk/src/rp2_common/hardware_timer/timer.c.obj
                0x0000000010001f40                hardware_alarm_set_target
 .text.hardware_alarm_cancel
                0x0000000010002028       0x40 Examples/ArduCAM_Mini_2MP_Plus_4CAM_VideoStreaming/CMakeFiles/ArduCAM_Mini_2MP_Plus_4CAM_VideoStreaming.dir/Users/mherbert/pico-sdk/src/rp2_common/hardware_timer/timer.c.obj
                0x0000000010002028                hardware_alarm_cancel
 .text.ph_add_child_node
                0x0000000010002068       0xa4 Examples/ArduCAM_Mini_2MP_Plus_4CAM_VideoStreaming/CMakeFiles/ArduCAM_Mini_2MP_Plus_4CAM_VideoStreaming.dir/Users/mherbert/pico-sdk/src/common/pico_util/pheap.c.obj
 .text.ph_merge_nodes
                0x000000001000210c       0x3e Examples/ArduCAM_Mini_2MP_Plus_4CAM_VideoStreaming/CMakeFiles/ArduCAM_Mini_2MP_Plus_4CAM_VideoStreaming.dir/Users/mherbert/pico-sdk/src/common/pico_util/pheap.c.obj
 *fill*         0x000000001000214a        0x2 
 .text.ph_clear
                0x000000001000214c       0x70 Examples/ArduCAM_Mini_2MP_Plus_4CAM_VideoStreaming/CMakeFiles/ArduCAM_Mini_2MP_Plus_4CAM_VideoStreaming.dir/Users/mherbert/pico-sdk/src/common/pico_util/pheap.c.obj
                0x000000001000214c                ph_clear
 .text.ph_post_alloc_init
                0x00000000100021bc        0xe Examples/ArduCAM_Mini_2MP_Plus_4CAM_VideoStreaming/CMakeFiles/ArduCAM_Mini_2MP_Plus_4CAM_VideoStreaming.dir/Users/mherbert/pico-sdk/src/common/pico_util/pheap.c.obj
                0x00000000100021bc                ph_post_alloc_init
 *fill*         0x00000000100021ca        0x2 
 .text.ph_merge_two_pass
                0x00000000100021cc       0xa8 Examples/ArduCAM_Mini_2MP_Plus_4CAM_VideoStreaming/CMakeFiles/ArduCAM_Mini_2MP_Plus_4CAM_VideoStreaming.dir/Users/mherbert/pico-sdk/src/common/pico_util/pheap.c.obj
                0x00000000100021cc                ph_merge_two_pass
 .text.ph_remove_any_head
                0x0000000010002274      0x128 Examples/ArduCAM_Mini_2MP_Plus_4CAM_VideoStreaming/CMakeFiles/ArduCAM_Mini_2MP_Plus_4CAM_VideoStreaming.dir/Users/mherbert/pico-sdk/src/common/pico_util/pheap.c.obj
 .text.ph_remove_head
                0x000000001000239c       0x14 Examples/ArduCAM_Mini_2MP_Plus_4CAM_VideoStreaming/CMakeFiles/ArduCAM_Mini_2MP_Plus_4CAM_VideoStreaming.dir/Users/mherbert/pico-sdk/src/common/pico_util/pheap.c.obj
                0x000000001000239c                ph_remove_head
 .text.ph_remove_and_free_node
                0x00000000100023b0       0xf8 Examples/ArduCAM_Mini_2MP_Plus_4CAM_VideoStreaming/CMakeFiles/ArduCAM_Mini_2MP_Plus_4CAM_VideoStreaming.dir/Users/mherbert/pico-sdk/src/common/pico_util/pheap.c.obj
                0x00000000100023b0                ph_remove_and_free_node
 .text.clock_configure
                0x00000000100024a8      0x108 Examples/ArduCAM_Mini_2MP_Plus_4CAM_VideoStreaming/CMakeFiles/ArduCAM_Mini_2MP_Plus_4CAM_VideoStreaming.dir/Users/mherbert/pico-sdk/src/rp2_common/hardware_clocks/clocks.c.obj
                0x00000000100024a8                clock_configure
 .text.clocks_init
                0x00000000100025b0      0x100 Examples/ArduCAM_Mini_2MP_Plus_4CAM_VideoStreaming/CMakeFiles/ArduCAM_Mini_2MP_Plus_4CAM_VideoStreaming.dir/Users/mherbert/pico-sdk/src/rp2_common/hardware_clocks/clocks.c.obj
                0x00000000100025b0                clocks_init
 .text.clock_get_hz
                0x00000000100026b0        0xc Examples/ArduCAM_Mini_2MP_Plus_4CAM_VideoStreaming/CMakeFiles/ArduCAM_Mini_2MP_Plus_4CAM_VideoStreaming.dir/Users/mherbert/pico-sdk/src/rp2_common/hardware_clocks/clocks.c.obj
                0x00000000100026b0                clock_get_hz
 .text.pll_init
                0x00000000100026bc      0x124 Examples/ArduCAM_Mini_2MP_Plus_4CAM_VideoStreaming/CMakeFiles/ArduCAM_Mini_2MP_Plus_4CAM_VideoStreaming.dir/Users/mherbert/pico-sdk/src/rp2_common/hardware_pll/pll.c.obj
                0x00000000100026bc                pll_init
 .text.watchdog_start_tick
                0x00000000100027e0       0x10 Examples/ArduCAM_Mini_2MP_Plus_4CAM_VideoStreaming/CMakeFiles/ArduCAM_Mini_2MP_Plus_4CAM_VideoStreaming.dir/Users/mherbert/pico-sdk/src/rp2_common/hardware_watchdog/watchdog.c.obj
                0x00000000100027e0                watchdog_start_tick
 .text.watchdog_update
                0x00000000100027f0       0x14 Examples/ArduCAM_Mini_2MP_Plus_4CAM_VideoStreaming/CMakeFiles/ArduCAM_Mini_2MP_Plus_4CAM_VideoStreaming.dir/Users/mherbert/pico-sdk/src/rp2_common/hardware_watchdog/watchdog.c.obj
                0x00000000100027f0                watchdog_update
 .text._watchdog_enable
                0x0000000010002804       0x78 Examples/ArduCAM_Mini_2MP_Plus_4CAM_VideoStreaming/CMakeFiles/ArduCAM_Mini_2MP_Plus_4CAM_VideoStreaming.dir/Users/mherbert/pico-sdk/src/rp2_common/hardware_watchdog/watchdog.c.obj
                0x0000000010002804                _watchdog_enable
 .text.watchdog_reboot
                0x000000001000287c       0x48 Examples/ArduCAM_Mini_2MP_Plus_4CAM_VideoStreaming/CMakeFiles/ArduCAM_Mini_2MP_Plus_4CAM_VideoStreaming.dir/Users/mherbert/pico-sdk/src/rp2_common/hardware_watchdog/watchdog.c.obj
                0x000000001000287c                watchdog_reboot
 .text.xosc_init
                0x00000000100028c4       0x28 Examples/ArduCAM_Mini_2MP_Plus_4CAM_VideoStreaming/CMakeFiles/ArduCAM_Mini_2MP_Plus_4CAM_VideoStreaming.dir/Users/mherbert/pico-sdk/src/rp2_common/hardware_xosc/xosc.c.obj
                0x00000000100028c4                xosc_init
 .text._exit    0x00000000100028ec        0x4 Examples/ArduCAM_Mini_2MP_Plus_4CAM_VideoStreaming/CMakeFiles/ArduCAM_Mini_2MP_Plus_4CAM_VideoStreaming.dir/Users/mherbert/pico-sdk/src/rp2_common/pico_runtime/runtime.c.obj
                0x00000000100028ec                _exit
 .text._sbrk    0x00000000100028f0       0x38 Examples/ArduCAM_Mini_2MP_Plus_4CAM_VideoStreaming/CMakeFiles/ArduCAM_Mini_2MP_Plus_4CAM_VideoStreaming.dir/Users/mherbert/pico-sdk/src/rp2_common/pico_runtime/runtime.c.obj
                0x00000000100028f0                _sbrk
 .text.exit     0x0000000010002928        0x6 Examples/ArduCAM_Mini_2MP_Plus_4CAM_VideoStreaming/CMakeFiles/ArduCAM_Mini_2MP_Plus_4CAM_VideoStreaming.dir/Users/mherbert/pico-sdk/src/rp2_common/pico_runtime/runtime.c.obj
                0x0000000010002928                exit
 *fill*         0x000000001000292e        0x2 
 .text.__assert_func
                0x0000000010002930       0x3c Examples/ArduCAM_Mini_2MP_Plus_4CAM_VideoStreaming/CMakeFiles/ArduCAM_Mini_2MP_Plus_4CAM_VideoStreaming.dir/Users/mherbert/pico-sdk/src/rp2_common/pico_runtime/runtime.c.obj
                0x0000000010002930                __assert_func
 .text.runtime_init
                0x000000001000296c       0xf8 Examples/ArduCAM_Mini_2MP_Plus_4CAM_VideoStreaming/CMakeFiles/ArduCAM_Mini_2MP_Plus_4CAM_VideoStreaming.dir/Users/mherbert/pico-sdk/src/rp2_common/pico_runtime/runtime.c.obj
                0x000000001000296c                runtime_init
 .text.panic    0x0000000010002a64       0x30 Examples/ArduCAM_Mini_2MP_Plus_4CAM_VideoStreaming/CMakeFiles/ArduCAM_Mini_2MP_Plus_4CAM_VideoStreaming.dir/Users/mherbert/pico-sdk/src/rp2_common/pico_runtime/runtime.c.obj
                0x0000000010002a64                panic
 .text._out_null
                0x0000000010002a94        0x2 Examples/ArduCAM_Mini_2MP_Plus_4CAM_VideoStreaming/CMakeFiles/ArduCAM_Mini_2MP_Plus_4CAM_VideoStreaming.dir/Users/mherbert/pico-sdk/src/rp2_common/pico_printf/printf.c.obj
 .text._out_fct
                0x0000000010002a96        0xe Examples/ArduCAM_Mini_2MP_Plus_4CAM_VideoStreaming/CMakeFiles/ArduCAM_Mini_2MP_Plus_4CAM_VideoStreaming.dir/Users/mherbert/pico-sdk/src/rp2_common/pico_printf/printf.c.obj
 .text._atoi    0x0000000010002aa4       0x24 Examples/ArduCAM_Mini_2MP_Plus_4CAM_VideoStreaming/CMakeFiles/ArduCAM_Mini_2MP_Plus_4CAM_VideoStreaming.dir/Users/mherbert/pico-sdk/src/rp2_common/pico_printf/printf.c.obj
 .text._out_rev
                0x0000000010002ac8       0xae Examples/ArduCAM_Mini_2MP_Plus_4CAM_VideoStreaming/CMakeFiles/ArduCAM_Mini_2MP_Plus_4CAM_VideoStreaming.dir/Users/mherbert/pico-sdk/src/rp2_common/pico_printf/printf.c.obj
 .text._ntoa_format
                0x0000000010002b76      0x110 Examples/ArduCAM_Mini_2MP_Plus_4CAM_VideoStreaming/CMakeFiles/ArduCAM_Mini_2MP_Plus_4CAM_VideoStreaming.dir/Users/mherbert/pico-sdk/src/rp2_common/pico_printf/printf.c.obj
 .text._ntoa_long
                0x0000000010002c86       0xbc Examples/ArduCAM_Mini_2MP_Plus_4CAM_VideoStreaming/CMakeFiles/ArduCAM_Mini_2MP_Plus_4CAM_VideoStreaming.dir/Users/mherbert/pico-sdk/src/rp2_common/pico_printf/printf.c.obj
 .text._ntoa_long_long
                0x0000000010002d42       0xe2 Examples/ArduCAM_Mini_2MP_Plus_4CAM_VideoStreaming/CMakeFiles/ArduCAM_Mini_2MP_Plus_4CAM_VideoStreaming.dir/Users/mherbert/pico-sdk/src/rp2_common/pico_printf/printf.c.obj
 .text._etoa    0x0000000010002e24      0x40c Examples/ArduCAM_Mini_2MP_Plus_4CAM_VideoStreaming/CMakeFiles/ArduCAM_Mini_2MP_Plus_4CAM_VideoStreaming.dir/Users/mherbert/pico-sdk/src/rp2_common/pico_printf/printf.c.obj
 .text._ftoa    0x0000000010003230      0x354 Examples/ArduCAM_Mini_2MP_Plus_4CAM_VideoStreaming/CMakeFiles/ArduCAM_Mini_2MP_Plus_4CAM_VideoStreaming.dir/Users/mherbert/pico-sdk/src/rp2_common/pico_printf/printf.c.obj
 .text._vsnprintf
                0x0000000010003584      0x628 Examples/ArduCAM_Mini_2MP_Plus_4CAM_VideoStreaming/CMakeFiles/ArduCAM_Mini_2MP_Plus_4CAM_VideoStreaming.dir/Users/mherbert/pico-sdk/src/rp2_common/pico_printf/printf.c.obj
 .text.vfctprintf
                0x0000000010003bac       0x20 Examples/ArduCAM_Mini_2MP_Plus_4CAM_VideoStreaming/CMakeFiles/ArduCAM_Mini_2MP_Plus_4CAM_VideoStreaming.dir/Users/mherbert/pico-sdk/src/rp2_common/pico_printf/printf.c.obj
                0x0000000010003bac                vfctprintf
 .text          0x0000000010003bcc       0x10 Examples/ArduCAM_Mini_2MP_Plus_4CAM_VideoStreaming/CMakeFiles/ArduCAM_Mini_2MP_Plus_4CAM_VideoStreaming.dir/Users/mherbert/pico-sdk/src/rp2_common/pico_bit_ops/bit_ops_aeabi.S.obj
 .text.rom_func_lookup
                0x0000000010003bdc       0x10 Examples/ArduCAM_Mini_2MP_Plus_4CAM_VideoStreaming/CMakeFiles/ArduCAM_Mini_2MP_Plus_4CAM_VideoStreaming.dir/Users/mherbert/pico-sdk/src/rp2_common/pico_bootrom/bootrom.c.obj
                0x0000000010003bdc                rom_func_lookup
 .text.rom_data_lookup
                0x0000000010003bec       0x10 Examples/ArduCAM_Mini_2MP_Plus_4CAM_VideoStreaming/CMakeFiles/ArduCAM_Mini_2MP_Plus_4CAM_VideoStreaming.dir/Users/mherbert/pico-sdk/src/rp2_common/pico_bootrom/bootrom.c.obj
                0x0000000010003bec                rom_data_lookup
 .text.rom_funcs_lookup
                0x0000000010003bfc       0x36 Examples/ArduCAM_Mini_2MP_Plus_4CAM_VideoStreaming/CMakeFiles/ArduCAM_Mini_2MP_Plus_4CAM_VideoStreaming.dir/Users/mherbert/pico-sdk/src/rp2_common/pico_bootrom/bootrom.c.obj
                0x0000000010003bfc                rom_funcs_lookup
 *fill*         0x0000000010003c32        0x2 
 .text.__wrap___aeabi_idiv
                0x0000000010003c34       0x50 Examples/ArduCAM_Mini_2MP_Plus_4CAM_VideoStreaming/CMakeFiles/ArduCAM_Mini_2MP_Plus_4CAM_VideoStreaming.dir/Users/mherbert/pico-sdk/src/rp2_common/pico_divider/divider.S.obj
                0x0000000010003c34                __wrap___aeabi_idivmod
                0x0000000010003c34                divmod_s32s32
                0x0000000010003c34                div_s32s32
                0x0000000010003c34                __wrap___aeabi_idiv
                0x0000000010003c3c                divmod_s32s32_unsafe
                0x0000000010003c68                divmod_s32s32_savestate
 .text.__wrap___aeabi_uidiv
                0x0000000010003c84       0x4c Examples/ArduCAM_Mini_2MP_Plus_4CAM_VideoStreaming/CMakeFiles/ArduCAM_Mini_2MP_Plus_4CAM_VideoStreaming.dir/Users/mherbert/pico-sdk/src/rp2_common/pico_divider/divider.S.obj
                0x0000000010003c84                __wrap___aeabi_uidiv
                0x0000000010003c84                __wrap___aeabi_uidivmod
                0x0000000010003c84                div_u32u32
                0x0000000010003c84                divmod_u32u32
                0x0000000010003c8c                divmod_u32u32_unsafe
                0x0000000010003cb4                divmod_u32u32_savestate
 .text.__wrap___aeabi_ldiv
                0x0000000010003cd0      0x424 Examples/ArduCAM_Mini_2MP_Plus_4CAM_VideoStreaming/CMakeFiles/ArduCAM_Mini_2MP_Plus_4CAM_VideoStreaming.dir/Users/mherbert/pico-sdk/src/rp2_common/pico_divider/divider.S.obj
                0x0000000010003cd0                __wrap___aeabi_ldivmod
                0x0000000010003cd0                div_s64s64
                0x0000000010003cd0                divmod_s64s64
                0x0000000010003d00                divmod_u64u64
                0x0000000010003d00                div_u64u64
                0x0000000010003d00                __wrap___aeabi_uldivmod
                0x0000000010003d10                divmod_u64u64_savestate
                0x0000000010003d30                divmod_s64s64_unsafe
                0x0000000010003db8                divmod_u64u64_unsafe
 .text.__wrap___aeabi_darithmetic
                0x00000000100040f4       0x80 Examples/ArduCAM_Mini_2MP_Plus_4CAM_VideoStreaming/CMakeFiles/ArduCAM_Mini_2MP_Plus_4CAM_VideoStreaming.dir/Users/mherbert/pico-sdk/src/rp2_common/pico_double/double_aeabi.S.obj
                0x00000000100040f4                __wrap___aeabi_drsub
                0x00000000100040fa                __wrap___aeabi_dsub
                0x000000001000410c                __wrap___aeabi_dadd
                0x000000001000411e                __wrap___aeabi_ddiv
                0x000000001000415a                __wrap___aeabi_dmul
 .text.__wrap___aeabi_cdcmple
                0x0000000010004174       0x6c Examples/ArduCAM_Mini_2MP_Plus_4CAM_VideoStreaming/CMakeFiles/ArduCAM_Mini_2MP_Plus_4CAM_VideoStreaming.dir/Users/mherbert/pico-sdk/src/rp2_common/pico_double/double_aeabi.S.obj
                0x0000000010004174                __wrap___aeabi_cdrcmple
                0x0000000010004184                __wrap___aeabi_cdcmple
                0x0000000010004184                __wrap___aeabi_cdcmpeq
 .text.__wrap___aeabi_dcmplt
                0x00000000100041e0        0xc Examples/ArduCAM_Mini_2MP_Plus_4CAM_VideoStreaming/CMakeFiles/ArduCAM_Mini_2MP_Plus_4CAM_VideoStreaming.dir/Users/mherbert/pico-sdk/src/rp2_common/pico_double/double_aeabi.S.obj
                0x00000000100041e0                __wrap___aeabi_dcmplt
 .text.__wrap___aeabi_dcmple
                0x00000000100041ec       0x10 Examples/ArduCAM_Mini_2MP_Plus_4CAM_VideoStreaming/CMakeFiles/ArduCAM_Mini_2MP_Plus_4CAM_VideoStreaming.dir/Users/mherbert/pico-sdk/src/rp2_common/pico_double/double_aeabi.S.obj
                0x00000000100041ec                __wrap___aeabi_dcmple
 .text.__wrap___aeabi_dcmpge
                0x00000000100041fc       0x10 Examples/ArduCAM_Mini_2MP_Plus_4CAM_VideoStreaming/CMakeFiles/ArduCAM_Mini_2MP_Plus_4CAM_VideoStreaming.dir/Users/mherbert/pico-sdk/src/rp2_common/pico_double/double_aeabi.S.obj
                0x00000000100041fc                __wrap___aeabi_dcmpge
 .text.__wrap___aeabi_dcmpgt
                0x000000001000420c        0xa Examples/ArduCAM_Mini_2MP_Plus_4CAM_VideoStreaming/CMakeFiles/ArduCAM_Mini_2MP_Plus_4CAM_VideoStreaming.dir/Users/mherbert/pico-sdk/src/rp2_common/pico_double/double_aeabi.S.obj
                0x000000001000420c                __wrap___aeabi_dcmpgt
 .text.__wrap___aeabi_dcmpun
                0x0000000010004216       0x1c Examples/ArduCAM_Mini_2MP_Plus_4CAM_VideoStreaming/CMakeFiles/ArduCAM_Mini_2MP_Plus_4CAM_VideoStreaming.dir/Users/mherbert/pico-sdk/src/rp2_common/pico_double/double_aeabi.S.obj
                0x0000000010004216                __wrap___aeabi_dcmpun
 *fill*         0x0000000010004232        0x2 
 .text.__wrap___aeabi_i2d
                0x0000000010004234       0x38 Examples/ArduCAM_Mini_2MP_Plus_4CAM_VideoStreaming/CMakeFiles/ArduCAM_Mini_2MP_Plus_4CAM_VideoStreaming.dir/Users/mherbert/pico-sdk/src/rp2_common/pico_double/double_aeabi.S.obj
                0x0000000010004234                __wrap___aeabi_ui2d
                0x000000001000423c                __wrap___aeabi_i2d
 .text.__wrap___aeabi_d2iz
                0x000000001000426c       0x48 Examples/ArduCAM_Mini_2MP_Plus_4CAM_VideoStreaming/CMakeFiles/ArduCAM_Mini_2MP_Plus_4CAM_VideoStreaming.dir/Users/mherbert/pico-sdk/src/rp2_common/pico_double/double_aeabi.S.obj
                0x000000001000426c                __wrap___aeabi_d2iz
                0x000000001000426c                double2int_z
 .text.__wrap___aeabi_d2uiz
                0x00000000100042b4       0x18 Examples/ArduCAM_Mini_2MP_Plus_4CAM_VideoStreaming/CMakeFiles/ArduCAM_Mini_2MP_Plus_4CAM_VideoStreaming.dir/Users/mherbert/pico-sdk/src/rp2_common/pico_double/double_aeabi.S.obj
                0x00000000100042b4                double2uint
                0x00000000100042b4                __wrap___aeabi_d2uiz
 .text.__aeabi_double_init
                0x00000000100042cc       0xc8 Examples/ArduCAM_Mini_2MP_Plus_4CAM_VideoStreaming/CMakeFiles/ArduCAM_Mini_2MP_Plus_4CAM_VideoStreaming.dir/Users/mherbert/pico-sdk/src/rp2_common/pico_double/double_init_rom.c.obj
                0x00000000100042cc                __aeabi_double_init
 .text.double_table_shim_on_use_helper
                0x0000000010004394       0x34 Examples/ArduCAM_Mini_2MP_Plus_4CAM_VideoStreaming/CMakeFiles/ArduCAM_Mini_2MP_Plus_4CAM_VideoStreaming.dir/Users/mherbert/pico-sdk/src/rp2_common/pico_double/double_v1_rom_shim.S.obj
                0x0000000010004394                double_table_shim_on_use_helper
 .text.__wrap___aeabi_dsub
                0x00000000100043c8       0x10 Examples/ArduCAM_Mini_2MP_Plus_4CAM_VideoStreaming/CMakeFiles/ArduCAM_Mini_2MP_Plus_4CAM_VideoStreaming.dir/Users/mherbert/pico-sdk/src/rp2_common/pico_double/double_v1_rom_shim.S.obj
                0x00000000100043c8                drsub_shim
                0x00000000100043ce                dsub_shim
 .text.dadd_shim
                0x00000000100043d8      0x15c Examples/ArduCAM_Mini_2MP_Plus_4CAM_VideoStreaming/CMakeFiles/ArduCAM_Mini_2MP_Plus_4CAM_VideoStreaming.dir/Users/mherbert/pico-sdk/src/rp2_common/pico_double/double_v1_rom_shim.S.obj
                0x00000000100043d8                dadd_shim
 .text.dmul_shim
                0x0000000010004534      0x15c Examples/ArduCAM_Mini_2MP_Plus_4CAM_VideoStreaming/CMakeFiles/ArduCAM_Mini_2MP_Plus_4CAM_VideoStreaming.dir/Users/mherbert/pico-sdk/src/rp2_common/pico_double/double_v1_rom_shim.S.obj
                0x0000000010004534                dmul_shim
 .text.ddiv_shim
                0x0000000010004690      0x1b0 Examples/ArduCAM_Mini_2MP_Plus_4CAM_VideoStreaming/CMakeFiles/ArduCAM_Mini_2MP_Plus_4CAM_VideoStreaming.dir/Users/mherbert/pico-sdk/src/rp2_common/pico_double/double_v1_rom_shim.S.obj
                0x0000000010004690                ddiv_shim
 .text.double2uint_shim
                0x0000000010004840        0xe Examples/ArduCAM_Mini_2MP_Plus_4CAM_VideoStreaming/CMakeFiles/ArduCAM_Mini_2MP_Plus_4CAM_VideoStreaming.dir/Users/mherbert/pico-sdk/src/rp2_common/pico_double/double_v1_rom_shim.S.obj
                0x0000000010004840                double2uint_shim
                0x0000000010004842                double2ufix_shim
 *fill*         0x000000001000484e        0x2 
 .text.double2uint64_shim
                0x0000000010004850       0x70 Examples/ArduCAM_Mini_2MP_Plus_4CAM_VideoStreaming/CMakeFiles/ArduCAM_Mini_2MP_Plus_4CAM_VideoStreaming.dir/Users/mherbert/pico-sdk/src/rp2_common/pico_double/double_v1_rom_shim.S.obj
                0x0000000010004850                double2uint64_shim
                0x0000000010004852                double2ufix64_shim
                0x0000000010004872                d2fix_a
 .text.dunpacks
                0x00000000100048c0       0x3c Examples/ArduCAM_Mini_2MP_Plus_4CAM_VideoStreaming/CMakeFiles/ArduCAM_Mini_2MP_Plus_4CAM_VideoStreaming.dir/Users/mherbert/pico-sdk/src/rp2_common/pico_double/double_v1_rom_shim.S.obj
                0x00000000100048c0                dunpacks
 .text.__aeabi_lmul
                0x00000000100048fc       0x32 Examples/ArduCAM_Mini_2MP_Plus_4CAM_VideoStreaming/CMakeFiles/ArduCAM_Mini_2MP_Plus_4CAM_VideoStreaming.dir/Users/mherbert/pico-sdk/src/rp2_common/pico_int64_ops/pico_int64_ops_aeabi.S.obj
                0x00000000100048fc                __wrap___aeabi_lmul
 *fill*         0x000000001000492e        0x2 
 .text.__aeabi_float_init
                0x0000000010004930       0xfc Examples/ArduCAM_Mini_2MP_Plus_4CAM_VideoStreaming/CMakeFiles/ArduCAM_Mini_2MP_Plus_4CAM_VideoStreaming.dir/Users/mherbert/pico-sdk/src/rp2_common/pico_float/float_init_rom.c.obj
                0x0000000010004930                __aeabi_float_init
 .text.float_table_shim_on_use_helper
                0x0000000010004a2c       0x34 Examples/ArduCAM_Mini_2MP_Plus_4CAM_VideoStreaming/CMakeFiles/ArduCAM_Mini_2MP_Plus_4CAM_VideoStreaming.dir/Users/mherbert/pico-sdk/src/rp2_common/pico_float/float_v1_rom_shim.S.obj
                0x0000000010004a2c                float_table_shim_on_use_helper
 .text.__wrap_malloc
                0x0000000010004a60       0x24 Examples/ArduCAM_Mini_2MP_Plus_4CAM_VideoStreaming/CMakeFiles/ArduCAM_Mini_2MP_Plus_4CAM_VideoStreaming.dir/Users/mherbert/pico-sdk/src/rp2_common/pico_malloc/pico_malloc.c.obj
                0x0000000010004a60                __wrap_malloc
 .text.__wrap_free
                0x0000000010004a84        0x8 Examples/ArduCAM_Mini_2MP_Plus_4CAM_VideoStreaming/CMakeFiles/ArduCAM_Mini_2MP_Plus_4CAM_VideoStreaming.dir/Users/mherbert/pico-sdk/src/rp2_common/pico_malloc/pico_malloc.c.obj
                0x0000000010004a84                __wrap_free
 .text          0x0000000010004a8c       0x10 Examples/ArduCAM_Mini_2MP_Plus_4CAM_VideoStreaming/CMakeFiles/ArduCAM_Mini_2MP_Plus_4CAM_VideoStreaming.dir/Users/mherbert/pico-sdk/src/rp2_common/pico_mem_ops/mem_ops_aeabi.S.obj
                0x0000000010004a8c                __aeabi_mem_init
 .text.memset   0x0000000010004a9c        0xc Examples/ArduCAM_Mini_2MP_Plus_4CAM_VideoStreaming/CMakeFiles/ArduCAM_Mini_2MP_Plus_4CAM_VideoStreaming.dir/Users/mherbert/pico-sdk/src/rp2_common/pico_mem_ops/mem_ops_aeabi.S.obj
                0x0000000010004a9c                __wrap_memset
 .text.memcpy   0x0000000010004aa8        0xc Examples/ArduCAM_Mini_2MP_Plus_4CAM_VideoStreaming/CMakeFiles/ArduCAM_Mini_2MP_Plus_4CAM_VideoStreaming.dir/Users/mherbert/pico-sdk/src/rp2_common/pico_mem_ops/mem_ops_aeabi.S.obj
                0x0000000010004aa8                __wrap___aeabi_memcpy
                0x0000000010004aa8                __wrap_memcpy
 .text.stdio_out_chars_no_crlf
                0x0000000010004ab4        0xe Examples/ArduCAM_Mini_2MP_Plus_4CAM_VideoStreaming/CMakeFiles/ArduCAM_Mini_2MP_Plus_4CAM_VideoStreaming.dir/Users/mherbert/pico-sdk/src/rp2_common/pico_stdio/stdio.c.obj
 *fill*         0x0000000010004ac2        0x2 
 .text.stdio_out_chars_crlf
                0x0000000010004ac4       0x80 Examples/ArduCAM_Mini_2MP_Plus_4CAM_VideoStreaming/CMakeFiles/ArduCAM_Mini_2MP_Plus_4CAM_VideoStreaming.dir/Users/mherbert/pico-sdk/src/rp2_common/pico_stdio/stdio.c.obj
 .text.stdio_stack_buffer_flush
                0x0000000010004b44       0x44 Examples/ArduCAM_Mini_2MP_Plus_4CAM_VideoStreaming/CMakeFiles/ArduCAM_Mini_2MP_Plus_4CAM_VideoStreaming.dir/Users/mherbert/pico-sdk/src/rp2_common/pico_stdio/stdio.c.obj
 .text.stdio_buffered_printer
                0x0000000010004b88       0x20 Examples/ArduCAM_Mini_2MP_Plus_4CAM_VideoStreaming/CMakeFiles/ArduCAM_Mini_2MP_Plus_4CAM_VideoStreaming.dir/Users/mherbert/pico-sdk/src/rp2_common/pico_stdio/stdio.c.obj
 .text.stdout_serialize_begin
                0x0000000010004ba8       0x5c Examples/ArduCAM_Mini_2MP_Plus_4CAM_VideoStreaming/CMakeFiles/ArduCAM_Mini_2MP_Plus_4CAM_VideoStreaming.dir/Users/mherbert/pico-sdk/src/rp2_common/pico_stdio/stdio.c.obj
                0x0000000010004ba8                stdout_serialize_begin
 .text.stdout_serialize_end
                0x0000000010004c04       0x10 Examples/ArduCAM_Mini_2MP_Plus_4CAM_VideoStreaming/CMakeFiles/ArduCAM_Mini_2MP_Plus_4CAM_VideoStreaming.dir/Users/mherbert/pico-sdk/src/rp2_common/pico_stdio/stdio.c.obj
                0x0000000010004c04                stdout_serialize_end
 .text.stdio_put_string
                0x0000000010004c14       0x98 Examples/ArduCAM_Mini_2MP_Plus_4CAM_VideoStreaming/CMakeFiles/ArduCAM_Mini_2MP_Plus_4CAM_VideoStreaming.dir/Users/mherbert/pico-sdk/src/rp2_common/pico_stdio/stdio.c.obj
 .text.stdio_set_driver_enabled
                0x0000000010004cac       0x2c Examples/ArduCAM_Mini_2MP_Plus_4CAM_VideoStreaming/CMakeFiles/ArduCAM_Mini_2MP_Plus_4CAM_VideoStreaming.dir/Users/mherbert/pico-sdk/src/rp2_common/pico_stdio/stdio.c.obj
                0x0000000010004cac                stdio_set_driver_enabled
 .text.stdio_flush
                0x0000000010004cd8       0x20 Examples/ArduCAM_Mini_2MP_Plus_4CAM_VideoStreaming/CMakeFiles/ArduCAM_Mini_2MP_Plus_4CAM_VideoStreaming.dir/Users/mherbert/pico-sdk/src/rp2_common/pico_stdio/stdio.c.obj
                0x0000000010004cd8                stdio_flush
 .text.__wrap_puts
                0x0000000010004cf8       0x1e Examples/ArduCAM_Mini_2MP_Plus_4CAM_VideoStreaming/CMakeFiles/ArduCAM_Mini_2MP_Plus_4CAM_VideoStreaming.dir/Users/mherbert/pico-sdk/src/rp2_common/pico_stdio/stdio.c.obj
                0x0000000010004cf8                __wrap_puts
 *fill*         0x0000000010004d16        0x2 
 .text.__wrap_vprintf
                0x0000000010004d18       0x40 Examples/ArduCAM_Mini_2MP_Plus_4CAM_VideoStreaming/CMakeFiles/ArduCAM_Mini_2MP_Plus_4CAM_VideoStreaming.dir/Users/mherbert/pico-sdk/src/rp2_common/pico_stdio/stdio.c.obj
                0x0000000010004d18                __wrap_vprintf
 .text.__wrap_printf
                0x0000000010004d58       0x18 Examples/ArduCAM_Mini_2MP_Plus_4CAM_VideoStreaming/CMakeFiles/ArduCAM_Mini_2MP_Plus_4CAM_VideoStreaming.dir/Users/mherbert/pico-sdk/src/rp2_common/pico_stdio/stdio.c.obj
                0x0000000010004d58                __wrap_printf
 .text.stdio_init_all
                0x0000000010004d70        0x8 Examples/ArduCAM_Mini_2MP_Plus_4CAM_VideoStreaming/CMakeFiles/ArduCAM_Mini_2MP_Plus_4CAM_VideoStreaming.dir/Users/mherbert/pico-sdk/src/rp2_common/pico_stdio/stdio.c.obj
                0x0000000010004d70                stdio_init_all
 .text.resetd_init
                0x0000000010004d78        0x2 Examples/ArduCAM_Mini_2MP_Plus_4CAM_VideoStreaming/CMakeFiles/ArduCAM_Mini_2MP_Plus_4CAM_VideoStreaming.dir/Users/mherbert/pico-sdk/src/rp2_common/pico_stdio_usb/reset_interface.c.obj
 *fill*         0x0000000010004d7a        0x2 
 .text.resetd_reset
                0x0000000010004d7c        0xc Examples/ArduCAM_Mini_2MP_Plus_4CAM_VideoStreaming/CMakeFiles/ArduCAM_Mini_2MP_Plus_4CAM_VideoStreaming.dir/Users/mherbert/pico-sdk/src/rp2_common/pico_stdio_usb/reset_interface.c.obj
 .text.resetd_open
                0x0000000010004d88       0x34 Examples/ArduCAM_Mini_2MP_Plus_4CAM_VideoStreaming/CMakeFiles/ArduCAM_Mini_2MP_Plus_4CAM_VideoStreaming.dir/Users/mherbert/pico-sdk/src/rp2_common/pico_stdio_usb/reset_interface.c.obj
 .text.resetd_xfer_cb
                0x0000000010004dbc        0x4 Examples/ArduCAM_Mini_2MP_Plus_4CAM_VideoStreaming/CMakeFiles/ArduCAM_Mini_2MP_Plus_4CAM_VideoStreaming.dir/Users/mherbert/pico-sdk/src/rp2_common/pico_stdio_usb/reset_interface.c.obj
 .text.resetd_control_xfer_cb
                0x0000000010004dc0       0x6c Examples/ArduCAM_Mini_2MP_Plus_4CAM_VideoStreaming/CMakeFiles/ArduCAM_Mini_2MP_Plus_4CAM_VideoStreaming.dir/Users/mherbert/pico-sdk/src/rp2_common/pico_stdio_usb/reset_interface.c.obj
 .text.usbd_app_driver_get_cb
                0x0000000010004e2c        0xc Examples/ArduCAM_Mini_2MP_Plus_4CAM_VideoStreaming/CMakeFiles/ArduCAM_Mini_2MP_Plus_4CAM_VideoStreaming.dir/Users/mherbert/pico-sdk/src/rp2_common/pico_stdio_usb/reset_interface.c.obj
                0x0000000010004e2c                usbd_app_driver_get_cb
 .text.tud_cdc_line_coding_cb
                0x0000000010004e38       0x34 Examples/ArduCAM_Mini_2MP_Plus_4CAM_VideoStreaming/CMakeFiles/ArduCAM_Mini_2MP_Plus_4CAM_VideoStreaming.dir/Users/mherbert/pico-sdk/src/rp2_common/pico_stdio_usb/reset_interface.c.obj
                0x0000000010004e38                tud_cdc_line_coding_cb
 .text.stdio_usb_set_chars_available_callback
                0x0000000010004e6c       0x14 Examples/ArduCAM_Mini_2MP_Plus_4CAM_VideoStreaming/CMakeFiles/ArduCAM_Mini_2MP_Plus_4CAM_VideoStreaming.dir/Users/mherbert/pico-sdk/src/rp2_common/pico_stdio_usb/stdio_usb.c.obj
                0x0000000010004e6c                stdio_usb_set_chars_available_callback
 .text.usb_irq  0x0000000010004e80       0x10 Examples/ArduCAM_Mini_2MP_Plus_4CAM_VideoStreaming/CMakeFiles/ArduCAM_Mini_2MP_Plus_4CAM_VideoStreaming.dir/Users/mherbert/pico-sdk/src/rp2_common/pico_stdio_usb/stdio_usb.c.obj
 .text.timer_task
                0x0000000010004e90       0x58 Examples/ArduCAM_Mini_2MP_Plus_4CAM_VideoStreaming/CMakeFiles/ArduCAM_Mini_2MP_Plus_4CAM_VideoStreaming.dir/Users/mherbert/pico-sdk/src/rp2_common/pico_stdio_usb/stdio_usb.c.obj
 .text.low_priority_worker_irq
                0x0000000010004ee8       0xd8 Examples/ArduCAM_Mini_2MP_Plus_4CAM_VideoStreaming/CMakeFiles/ArduCAM_Mini_2MP_Plus_4CAM_VideoStreaming.dir/Users/mherbert/pico-sdk/src/rp2_common/pico_stdio_usb/stdio_usb.c.obj
 .text.tud_cdc_rx_cb
                0x0000000010004fc0       0x20 Examples/ArduCAM_Mini_2MP_Plus_4CAM_VideoStreaming/CMakeFiles/ArduCAM_Mini_2MP_Plus_4CAM_VideoStreaming.dir/Users/mherbert/pico-sdk/src/rp2_common/pico_stdio_usb/stdio_usb.c.obj
                0x0000000010004fc0                tud_cdc_rx_cb
 .text.stdio_usb_init
                0x0000000010004fe0      0x11c Examples/ArduCAM_Mini_2MP_Plus_4CAM_VideoStreaming/CMakeFiles/ArduCAM_Mini_2MP_Plus_4CAM_VideoStreaming.dir/Users/mherbert/pico-sdk/src/rp2_common/pico_stdio_usb/stdio_usb.c.obj
                0x0000000010004fe0                stdio_usb_init
 .text.stdio_usb_connected
                0x00000000100050fc        0xa Examples/ArduCAM_Mini_2MP_Plus_4CAM_VideoStreaming/CMakeFiles/ArduCAM_Mini_2MP_Plus_4CAM_VideoStreaming.dir/Users/mherbert/pico-sdk/src/rp2_common/pico_stdio_usb/stdio_usb.c.obj
                0x00000000100050fc                stdio_usb_connected
 *fill*         0x0000000010005106        0x2 
 .text.stdio_usb_in_chars
                0x0000000010005108       0xc4 Examples/ArduCAM_Mini_2MP_Plus_4CAM_VideoStreaming/CMakeFiles/ArduCAM_Mini_2MP_Plus_4CAM_VideoStreaming.dir/Users/mherbert/pico-sdk/src/rp2_common/pico_stdio_usb/stdio_usb.c.obj
                0x0000000010005108                stdio_usb_in_chars
 .text.stdio_usb_out_chars
                0x00000000100051cc      0x114 Examples/ArduCAM_Mini_2MP_Plus_4CAM_VideoStreaming/CMakeFiles/ArduCAM_Mini_2MP_Plus_4CAM_VideoStreaming.dir/Users/mherbert/pico-sdk/src/rp2_common/pico_stdio_usb/stdio_usb.c.obj
 .text.tud_descriptor_device_cb
                0x00000000100052e0        0x8 Examples/ArduCAM_Mini_2MP_Plus_4CAM_VideoStreaming/CMakeFiles/ArduCAM_Mini_2MP_Plus_4CAM_VideoStreaming.dir/Users/mherbert/pico-sdk/src/rp2_common/pico_stdio_usb/stdio_usb_descriptors.c.obj
                0x00000000100052e0                tud_descriptor_device_cb
 .text.tud_descriptor_configuration_cb
                0x00000000100052e8        0x8 Examples/ArduCAM_Mini_2MP_Plus_4CAM_VideoStreaming/CMakeFiles/ArduCAM_Mini_2MP_Plus_4CAM_VideoStreaming.dir/Users/mherbert/pico-sdk/src/rp2_common/pico_stdio_usb/stdio_usb_descriptors.c.obj
                0x00000000100052e8                tud_descriptor_configuration_cb
 .text.tud_descriptor_string_cb
                0x00000000100052f0       0x6c Examples/ArduCAM_Mini_2MP_Plus_4CAM_VideoStreaming/CMakeFiles/ArduCAM_Mini_2MP_Plus_4CAM_VideoStreaming.dir/Users/mherbert/pico-sdk/src/rp2_common/pico_stdio_usb/stdio_usb_descriptors.c.obj
                0x00000000100052f0                tud_descriptor_string_cb
 .text._retrieve_unique_id_on_boot
                0x000000001000535c       0x10 Examples/ArduCAM_Mini_2MP_Plus_4CAM_VideoStreaming/CMakeFiles/ArduCAM_Mini_2MP_Plus_4CAM_VideoStreaming.dir/Users/mherbert/pico-sdk/src/rp2_common/pico_unique_id/unique_id.c.obj
 .text.pico_get_unique_board_id_string
                0x000000001000536c       0x60 Examples/ArduCAM_Mini_2MP_Plus_4CAM_VideoStreaming/CMakeFiles/ArduCAM_Mini_2MP_Plus_4CAM_VideoStreaming.dir/Users/mherbert/pico-sdk/src/rp2_common/pico_unique_id/unique_id.c.obj
                0x000000001000536c                pico_get_unique_board_id_string
 .text.flash_get_unique_id
                0x00000000100053cc       0x46 Examples/ArduCAM_Mini_2MP_Plus_4CAM_VideoStreaming/CMakeFiles/ArduCAM_Mini_2MP_Plus_4CAM_VideoStreaming.dir/Users/mherbert/pico-sdk/src/rp2_common/hardware_flash/flash.c.obj
                0x00000000100053cc                flash_get_unique_id
 *fill*         0x0000000010005412        0x2 
 .text.hw_endpoint_get_by_addr
                0x0000000010005414       0x18 Examples/ArduCAM_Mini_2MP_Plus_4CAM_VideoStreaming/CMakeFiles/ArduCAM_Mini_2MP_Plus_4CAM_VideoStreaming.dir/Users/mherbert/pico-sdk/lib/tinyusb/src/portable/raspberrypi/rp2040/dcd_rp2040.c.obj
 .text._hw_endpoint_alloc
                0x000000001000542c       0x70 Examples/ArduCAM_Mini_2MP_Plus_4CAM_VideoStreaming/CMakeFiles/ArduCAM_Mini_2MP_Plus_4CAM_VideoStreaming.dir/Users/mherbert/pico-sdk/lib/tinyusb/src/portable/raspberrypi/rp2040/dcd_rp2040.c.obj
 .text.hw_endpoint_init
                0x000000001000549c       0x88 Examples/ArduCAM_Mini_2MP_Plus_4CAM_VideoStreaming/CMakeFiles/ArduCAM_Mini_2MP_Plus_4CAM_VideoStreaming.dir/Users/mherbert/pico-sdk/lib/tinyusb/src/portable/raspberrypi/rp2040/dcd_rp2040.c.obj
 .text.hw_endpoint_xfer
                0x0000000010005524       0x14 Examples/ArduCAM_Mini_2MP_Plus_4CAM_VideoStreaming/CMakeFiles/ArduCAM_Mini_2MP_Plus_4CAM_VideoStreaming.dir/Users/mherbert/pico-sdk/lib/tinyusb/src/portable/raspberrypi/rp2040/dcd_rp2040.c.obj
 .text.dcd_int_enable
                0x0000000010005538       0x2c Examples/ArduCAM_Mini_2MP_Plus_4CAM_VideoStreaming/CMakeFiles/ArduCAM_Mini_2MP_Plus_4CAM_VideoStreaming.dir/Users/mherbert/pico-sdk/lib/tinyusb/src/portable/raspberrypi/rp2040/dcd_rp2040.c.obj
                0x0000000010005538                dcd_int_enable
 .text.dcd_set_address
                0x0000000010005564       0x2c Examples/ArduCAM_Mini_2MP_Plus_4CAM_VideoStreaming/CMakeFiles/ArduCAM_Mini_2MP_Plus_4CAM_VideoStreaming.dir/Users/mherbert/pico-sdk/lib/tinyusb/src/portable/raspberrypi/rp2040/dcd_rp2040.c.obj
                0x0000000010005564                dcd_set_address
 .text.dcd_connect
                0x0000000010005590       0x10 Examples/ArduCAM_Mini_2MP_Plus_4CAM_VideoStreaming/CMakeFiles/ArduCAM_Mini_2MP_Plus_4CAM_VideoStreaming.dir/Users/mherbert/pico-sdk/lib/tinyusb/src/portable/raspberrypi/rp2040/dcd_rp2040.c.obj
                0x0000000010005590                dcd_connect
 .text.dcd_init
                0x00000000100055a0       0x80 Examples/ArduCAM_Mini_2MP_Plus_4CAM_VideoStreaming/CMakeFiles/ArduCAM_Mini_2MP_Plus_4CAM_VideoStreaming.dir/Users/mherbert/pico-sdk/lib/tinyusb/src/portable/raspberrypi/rp2040/dcd_rp2040.c.obj
                0x00000000100055a0                dcd_init
 .text.dcd_edpt0_status_complete
                0x0000000010005620       0x1c Examples/ArduCAM_Mini_2MP_Plus_4CAM_VideoStreaming/CMakeFiles/ArduCAM_Mini_2MP_Plus_4CAM_VideoStreaming.dir/Users/mherbert/pico-sdk/lib/tinyusb/src/portable/raspberrypi/rp2040/dcd_rp2040.c.obj
                0x0000000010005620                dcd_edpt0_status_complete
 .text.dcd_edpt_open
                0x000000001000563c       0x40 Examples/ArduCAM_Mini_2MP_Plus_4CAM_VideoStreaming/CMakeFiles/ArduCAM_Mini_2MP_Plus_4CAM_VideoStreaming.dir/Users/mherbert/pico-sdk/lib/tinyusb/src/portable/raspberrypi/rp2040/dcd_rp2040.c.obj
                0x000000001000563c                dcd_edpt_open
 .text.dcd_edpt_close_all
                0x000000001000567c        0x8 Examples/ArduCAM_Mini_2MP_Plus_4CAM_VideoStreaming/CMakeFiles/ArduCAM_Mini_2MP_Plus_4CAM_VideoStreaming.dir/Users/mherbert/pico-sdk/lib/tinyusb/src/portable/raspberrypi/rp2040/dcd_rp2040.c.obj
                0x000000001000567c                dcd_edpt_close_all
 .text.dcd_edpt_xfer
                0x0000000010005684       0x34 Examples/ArduCAM_Mini_2MP_Plus_4CAM_VideoStreaming/CMakeFiles/ArduCAM_Mini_2MP_Plus_4CAM_VideoStreaming.dir/Users/mherbert/pico-sdk/lib/tinyusb/src/portable/raspberrypi/rp2040/dcd_rp2040.c.obj
                0x0000000010005684                dcd_edpt_xfer
 .text.dcd_edpt_stall
                0x00000000100056b8       0x2c Examples/ArduCAM_Mini_2MP_Plus_4CAM_VideoStreaming/CMakeFiles/ArduCAM_Mini_2MP_Plus_4CAM_VideoStreaming.dir/Users/mherbert/pico-sdk/lib/tinyusb/src/portable/raspberrypi/rp2040/dcd_rp2040.c.obj
                0x00000000100056b8                dcd_edpt_stall
 .text.dcd_edpt_clear_stall
                0x00000000100056e4       0x20 Examples/ArduCAM_Mini_2MP_Plus_4CAM_VideoStreaming/CMakeFiles/ArduCAM_Mini_2MP_Plus_4CAM_VideoStreaming.dir/Users/mherbert/pico-sdk/lib/tinyusb/src/portable/raspberrypi/rp2040/dcd_rp2040.c.obj
                0x00000000100056e4                dcd_edpt_clear_stall
 .text.rp2040_usb_init
                0x0000000010005704       0x4c Examples/ArduCAM_Mini_2MP_Plus_4CAM_VideoStreaming/CMakeFiles/ArduCAM_Mini_2MP_Plus_4CAM_VideoStreaming.dir/Users/mherbert/pico-sdk/lib/tinyusb/src/portable/raspberrypi/rp2040/rp2040_usb.c.obj
                0x0000000010005704                rp2040_usb_init
 .text.hw_endpoint_xfer_start
                0x0000000010005750       0x50 Examples/ArduCAM_Mini_2MP_Plus_4CAM_VideoStreaming/CMakeFiles/ArduCAM_Mini_2MP_Plus_4CAM_VideoStreaming.dir/Users/mherbert/pico-sdk/lib/tinyusb/src/portable/raspberrypi/rp2040/rp2040_usb.c.obj
                0x0000000010005750                hw_endpoint_xfer_start
 .text.configuration_reset
                0x00000000100057a0       0x84 Examples/ArduCAM_Mini_2MP_Plus_4CAM_VideoStreaming/CMakeFiles/ArduCAM_Mini_2MP_Plus_4CAM_VideoStreaming.dir/Users/mherbert/pico-sdk/lib/tinyusb/src/device/usbd.c.obj
 .text.usbd_reset
                0x0000000010005824        0xc Examples/ArduCAM_Mini_2MP_Plus_4CAM_VideoStreaming/CMakeFiles/ArduCAM_Mini_2MP_Plus_4CAM_VideoStreaming.dir/Users/mherbert/pico-sdk/lib/tinyusb/src/device/usbd.c.obj
 .text.invoke_class_control
                0x0000000010005830       0x1a Examples/ArduCAM_Mini_2MP_Plus_4CAM_VideoStreaming/CMakeFiles/ArduCAM_Mini_2MP_Plus_4CAM_VideoStreaming.dir/Users/mherbert/pico-sdk/lib/tinyusb/src/device/usbd.c.obj
 *fill*         0x000000001000584a        0x2 
 .text.process_set_config
                0x000000001000584c      0x174 Examples/ArduCAM_Mini_2MP_Plus_4CAM_VideoStreaming/CMakeFiles/ArduCAM_Mini_2MP_Plus_4CAM_VideoStreaming.dir/Users/mherbert/pico-sdk/lib/tinyusb/src/device/usbd.c.obj
 .text.process_get_descriptor
                0x00000000100059c0       0xdc Examples/ArduCAM_Mini_2MP_Plus_4CAM_VideoStreaming/CMakeFiles/ArduCAM_Mini_2MP_Plus_4CAM_VideoStreaming.dir/Users/mherbert/pico-sdk/lib/tinyusb/src/device/usbd.c.obj
 .text.tud_mounted
                0x0000000010005a9c       0x10 Examples/ArduCAM_Mini_2MP_Plus_4CAM_VideoStreaming/CMakeFiles/ArduCAM_Mini_2MP_Plus_4CAM_VideoStreaming.dir/Users/mherbert/pico-sdk/lib/tinyusb/src/device/usbd.c.obj
                0x0000000010005a9c                tud_mounted
 .text.tud_suspended
                0x0000000010005aac       0x10 Examples/ArduCAM_Mini_2MP_Plus_4CAM_VideoStreaming/CMakeFiles/ArduCAM_Mini_2MP_Plus_4CAM_VideoStreaming.dir/Users/mherbert/pico-sdk/lib/tinyusb/src/device/usbd.c.obj
                0x0000000010005aac                tud_suspended
 .text.tud_inited
                0x0000000010005abc       0x14 Examples/ArduCAM_Mini_2MP_Plus_4CAM_VideoStreaming/CMakeFiles/ArduCAM_Mini_2MP_Plus_4CAM_VideoStreaming.dir/Users/mherbert/pico-sdk/lib/tinyusb/src/device/usbd.c.obj
                0x0000000010005abc                tud_inited
 .text.tud_init
                0x0000000010005ad0       0xcc Examples/ArduCAM_Mini_2MP_Plus_4CAM_VideoStreaming/CMakeFiles/ArduCAM_Mini_2MP_Plus_4CAM_VideoStreaming.dir/Users/mherbert/pico-sdk/lib/tinyusb/src/device/usbd.c.obj
                0x0000000010005ad0                tud_init
 .text.usbd_defer_func
                0x0000000010005b9c       0x1e Examples/ArduCAM_Mini_2MP_Plus_4CAM_VideoStreaming/CMakeFiles/ArduCAM_Mini_2MP_Plus_4CAM_VideoStreaming.dir/Users/mherbert/pico-sdk/lib/tinyusb/src/device/usbd.c.obj
                0x0000000010005b9c                usbd_defer_func
 *fill*         0x0000000010005bba        0x2 
 .text.usbd_edpt_open
                0x0000000010005bbc       0x34 Examples/ArduCAM_Mini_2MP_Plus_4CAM_VideoStreaming/CMakeFiles/ArduCAM_Mini_2MP_Plus_4CAM_VideoStreaming.dir/Users/mherbert/pico-sdk/lib/tinyusb/src/device/usbd.c.obj
                0x0000000010005bbc                usbd_edpt_open
 .text.usbd_open_edpt_pair
                0x0000000010005bf0       0x62 Examples/ArduCAM_Mini_2MP_Plus_4CAM_VideoStreaming/CMakeFiles/ArduCAM_Mini_2MP_Plus_4CAM_VideoStreaming.dir/Users/mherbert/pico-sdk/lib/tinyusb/src/device/usbd.c.obj
                0x0000000010005bf0                usbd_open_edpt_pair
 *fill*         0x0000000010005c52        0x2 
 .text.usbd_edpt_claim
                0x0000000010005c54       0x28 Examples/ArduCAM_Mini_2MP_Plus_4CAM_VideoStreaming/CMakeFiles/ArduCAM_Mini_2MP_Plus_4CAM_VideoStreaming.dir/Users/mherbert/pico-sdk/lib/tinyusb/src/device/usbd.c.obj
                0x0000000010005c54                usbd_edpt_claim
 .text.usbd_edpt_release
                0x0000000010005c7c       0x28 Examples/ArduCAM_Mini_2MP_Plus_4CAM_VideoStreaming/CMakeFiles/ArduCAM_Mini_2MP_Plus_4CAM_VideoStreaming.dir/Users/mherbert/pico-sdk/lib/tinyusb/src/device/usbd.c.obj
                0x0000000010005c7c                usbd_edpt_release
 .text.usbd_edpt_xfer
                0x0000000010005ca4       0x78 Examples/ArduCAM_Mini_2MP_Plus_4CAM_VideoStreaming/CMakeFiles/ArduCAM_Mini_2MP_Plus_4CAM_VideoStreaming.dir/Users/mherbert/pico-sdk/lib/tinyusb/src/device/usbd.c.obj
                0x0000000010005ca4                usbd_edpt_xfer
 .text.usbd_edpt_stall
                0x0000000010005d1c       0x48 Examples/ArduCAM_Mini_2MP_Plus_4CAM_VideoStreaming/CMakeFiles/ArduCAM_Mini_2MP_Plus_4CAM_VideoStreaming.dir/Users/mherbert/pico-sdk/lib/tinyusb/src/device/usbd.c.obj
                0x0000000010005d1c                usbd_edpt_stall
 .text.usbd_edpt_clear_stall
                0x0000000010005d64       0x48 Examples/ArduCAM_Mini_2MP_Plus_4CAM_VideoStreaming/CMakeFiles/ArduCAM_Mini_2MP_Plus_4CAM_VideoStreaming.dir/Users/mherbert/pico-sdk/lib/tinyusb/src/device/usbd.c.obj
                0x0000000010005d64                usbd_edpt_clear_stall
 .text.usbd_edpt_stalled
                0x0000000010005dac       0x1c Examples/ArduCAM_Mini_2MP_Plus_4CAM_VideoStreaming/CMakeFiles/ArduCAM_Mini_2MP_Plus_4CAM_VideoStreaming.dir/Users/mherbert/pico-sdk/lib/tinyusb/src/device/usbd.c.obj
                0x0000000010005dac                usbd_edpt_stalled
 .text.process_control_request
                0x0000000010005dc8      0x37c Examples/ArduCAM_Mini_2MP_Plus_4CAM_VideoStreaming/CMakeFiles/ArduCAM_Mini_2MP_Plus_4CAM_VideoStreaming.dir/Users/mherbert/pico-sdk/lib/tinyusb/src/device/usbd.c.obj
 .text.tud_task_ext
                0x0000000010006144      0x1b4 Examples/ArduCAM_Mini_2MP_Plus_4CAM_VideoStreaming/CMakeFiles/ArduCAM_Mini_2MP_Plus_4CAM_VideoStreaming.dir/Users/mherbert/pico-sdk/lib/tinyusb/src/device/usbd.c.obj
                0x0000000010006144                tud_task_ext
 .text._data_stage_xact
                0x00000000100062f8       0x58 Examples/ArduCAM_Mini_2MP_Plus_4CAM_VideoStreaming/CMakeFiles/ArduCAM_Mini_2MP_Plus_4CAM_VideoStreaming.dir/Users/mherbert/pico-sdk/lib/tinyusb/src/device/usbd_control.c.obj
 .text.tud_control_status
                0x0000000010006350       0x38 Examples/ArduCAM_Mini_2MP_Plus_4CAM_VideoStreaming/CMakeFiles/ArduCAM_Mini_2MP_Plus_4CAM_VideoStreaming.dir/Users/mherbert/pico-sdk/lib/tinyusb/src/device/usbd_control.c.obj
                0x0000000010006350                tud_control_status
 .text.tud_control_xfer
                0x0000000010006388       0x74 Examples/ArduCAM_Mini_2MP_Plus_4CAM_VideoStreaming/CMakeFiles/ArduCAM_Mini_2MP_Plus_4CAM_VideoStreaming.dir/Users/mherbert/pico-sdk/lib/tinyusb/src/device/usbd_control.c.obj
                0x0000000010006388                tud_control_xfer
 .text.usbd_control_reset
                0x00000000100063fc       0x14 Examples/ArduCAM_Mini_2MP_Plus_4CAM_VideoStreaming/CMakeFiles/ArduCAM_Mini_2MP_Plus_4CAM_VideoStreaming.dir/Users/mherbert/pico-sdk/lib/tinyusb/src/device/usbd_control.c.obj
                0x00000000100063fc                usbd_control_reset
 .text.usbd_control_set_complete_callback
                0x0000000010006410        0xc Examples/ArduCAM_Mini_2MP_Plus_4CAM_VideoStreaming/CMakeFiles/ArduCAM_Mini_2MP_Plus_4CAM_VideoStreaming.dir/Users/mherbert/pico-sdk/lib/tinyusb/src/device/usbd_control.c.obj
                0x0000000010006410                usbd_control_set_complete_callback
 .text.usbd_control_set_request
                0x000000001000641c       0x1c Examples/ArduCAM_Mini_2MP_Plus_4CAM_VideoStreaming/CMakeFiles/ArduCAM_Mini_2MP_Plus_4CAM_VideoStreaming.dir/Users/mherbert/pico-sdk/lib/tinyusb/src/device/usbd_control.c.obj
                0x000000001000641c                usbd_control_set_request
 .text.usbd_control_xfer_cb
                0x0000000010006438       0xcc Examples/ArduCAM_Mini_2MP_Plus_4CAM_VideoStreaming/CMakeFiles/ArduCAM_Mini_2MP_Plus_4CAM_VideoStreaming.dir/Users/mherbert/pico-sdk/lib/tinyusb/src/device/usbd_control.c.obj
                0x0000000010006438                usbd_control_xfer_cb
 .text._prep_out_transaction
                0x0000000010006504       0x4a Examples/ArduCAM_Mini_2MP_Plus_4CAM_VideoStreaming/CMakeFiles/ArduCAM_Mini_2MP_Plus_4CAM_VideoStreaming.dir/Users/mherbert/pico-sdk/lib/tinyusb/src/class/cdc/cdc_device.c.obj
 *fill*         0x000000001000654e        0x2 
 .text.tud_cdc_n_connected
                0x0000000010006550       0x44 Examples/ArduCAM_Mini_2MP_Plus_4CAM_VideoStreaming/CMakeFiles/ArduCAM_Mini_2MP_Plus_4CAM_VideoStreaming.dir/Users/mherbert/pico-sdk/lib/tinyusb/src/class/cdc/cdc_device.c.obj
                0x0000000010006550                tud_cdc_n_connected
 .text.tud_cdc_n_available
                0x0000000010006594       0x18 Examples/ArduCAM_Mini_2MP_Plus_4CAM_VideoStreaming/CMakeFiles/ArduCAM_Mini_2MP_Plus_4CAM_VideoStreaming.dir/Users/mherbert/pico-sdk/lib/tinyusb/src/class/cdc/cdc_device.c.obj
                0x0000000010006594                tud_cdc_n_available
 .text.tud_cdc_n_read
                0x00000000100065ac       0x28 Examples/ArduCAM_Mini_2MP_Plus_4CAM_VideoStreaming/CMakeFiles/ArduCAM_Mini_2MP_Plus_4CAM_VideoStreaming.dir/Users/mherbert/pico-sdk/lib/tinyusb/src/class/cdc/cdc_device.c.obj
                0x00000000100065ac                tud_cdc_n_read
 .text.tud_cdc_n_write_flush
                0x00000000100065d4       0xb8 Examples/ArduCAM_Mini_2MP_Plus_4CAM_VideoStreaming/CMakeFiles/ArduCAM_Mini_2MP_Plus_4CAM_VideoStreaming.dir/Users/mherbert/pico-sdk/lib/tinyusb/src/class/cdc/cdc_device.c.obj
                0x00000000100065d4                tud_cdc_n_write_flush
 .text.tud_cdc_n_write
                0x000000001000668c       0x38 Examples/ArduCAM_Mini_2MP_Plus_4CAM_VideoStreaming/CMakeFiles/ArduCAM_Mini_2MP_Plus_4CAM_VideoStreaming.dir/Users/mherbert/pico-sdk/lib/tinyusb/src/class/cdc/cdc_device.c.obj
                0x000000001000668c                tud_cdc_n_write
 .text.tud_cdc_n_write_available
                0x00000000100066c4       0x1c Examples/ArduCAM_Mini_2MP_Plus_4CAM_VideoStreaming/CMakeFiles/ArduCAM_Mini_2MP_Plus_4CAM_VideoStreaming.dir/Users/mherbert/pico-sdk/lib/tinyusb/src/class/cdc/cdc_device.c.obj
                0x00000000100066c4                tud_cdc_n_write_available
 .text.cdcd_init
                0x00000000100066e0       0xbc Examples/ArduCAM_Mini_2MP_Plus_4CAM_VideoStreaming/CMakeFiles/ArduCAM_Mini_2MP_Plus_4CAM_VideoStreaming.dir/Users/mherbert/pico-sdk/lib/tinyusb/src/class/cdc/cdc_device.c.obj
                0x00000000100066e0                cdcd_init
 .text.cdcd_reset
                0x000000001000679c       0x44 Examples/ArduCAM_Mini_2MP_Plus_4CAM_VideoStreaming/CMakeFiles/ArduCAM_Mini_2MP_Plus_4CAM_VideoStreaming.dir/Users/mherbert/pico-sdk/lib/tinyusb/src/class/cdc/cdc_device.c.obj
                0x000000001000679c                cdcd_reset
 .text.cdcd_open
                0x00000000100067e0       0xcc Examples/ArduCAM_Mini_2MP_Plus_4CAM_VideoStreaming/CMakeFiles/ArduCAM_Mini_2MP_Plus_4CAM_VideoStreaming.dir/Users/mherbert/pico-sdk/lib/tinyusb/src/class/cdc/cdc_device.c.obj
                0x00000000100067e0                cdcd_open
 .text.cdcd_control_xfer_cb
                0x00000000100068ac      0x134 Examples/ArduCAM_Mini_2MP_Plus_4CAM_VideoStreaming/CMakeFiles/ArduCAM_Mini_2MP_Plus_4CAM_VideoStreaming.dir/Users/mherbert/pico-sdk/lib/tinyusb/src/class/cdc/cdc_device.c.obj
                0x00000000100068ac                cdcd_control_xfer_cb
 .text.cdcd_xfer_cb
                0x00000000100069e0      0x130 Examples/ArduCAM_Mini_2MP_Plus_4CAM_VideoStreaming/CMakeFiles/ArduCAM_Mini_2MP_Plus_4CAM_VideoStreaming.dir/Users/mherbert/pico-sdk/lib/tinyusb/src/class/cdc/cdc_device.c.obj
                0x00000000100069e0                cdcd_xfer_cb
 .text.tusb_init
                0x0000000010006b10        0xa Examples/ArduCAM_Mini_2MP_Plus_4CAM_VideoStreaming/CMakeFiles/ArduCAM_Mini_2MP_Plus_4CAM_VideoStreaming.dir/Users/mherbert/pico-sdk/lib/tinyusb/src/tusb.c.obj
                0x0000000010006b10                tusb_init
 .text.tusb_inited
                0x0000000010006b1a        0xe Examples/ArduCAM_Mini_2MP_Plus_4CAM_VideoStreaming/CMakeFiles/ArduCAM_Mini_2MP_Plus_4CAM_VideoStreaming.dir/Users/mherbert/pico-sdk/lib/tinyusb/src/tusb.c.obj
                0x0000000010006b1a                tusb_inited
 .text.tu_edpt_claim
                0x0000000010006b28       0x50 Examples/ArduCAM_Mini_2MP_Plus_4CAM_VideoStreaming/CMakeFiles/ArduCAM_Mini_2MP_Plus_4CAM_VideoStreaming.dir/Users/mherbert/pico-sdk/lib/tinyusb/src/tusb.c.obj
                0x0000000010006b28                tu_edpt_claim
 .text.tu_edpt_release
                0x0000000010006b78       0x3c Examples/ArduCAM_Mini_2MP_Plus_4CAM_VideoStreaming/CMakeFiles/ArduCAM_Mini_2MP_Plus_4CAM_VideoStreaming.dir/Users/mherbert/pico-sdk/lib/tinyusb/src/tusb.c.obj
                0x0000000010006b78                tu_edpt_release
 .text.tu_edpt_validate
                0x0000000010006bb4       0x78 Examples/ArduCAM_Mini_2MP_Plus_4CAM_VideoStreaming/CMakeFiles/ArduCAM_Mini_2MP_Plus_4CAM_VideoStreaming.dir/Users/mherbert/pico-sdk/lib/tinyusb/src/tusb.c.obj
                0x0000000010006bb4                tu_edpt_validate
 .text.tu_edpt_bind_driver
                0x0000000010006c2c       0x26 Examples/ArduCAM_Mini_2MP_Plus_4CAM_VideoStreaming/CMakeFiles/ArduCAM_Mini_2MP_Plus_4CAM_VideoStreaming.dir/Users/mherbert/pico-sdk/lib/tinyusb/src/tusb.c.obj
                0x0000000010006c2c                tu_edpt_bind_driver
 .text.advance_index
                0x0000000010006c52       0x1a Examples/ArduCAM_Mini_2MP_Plus_4CAM_VideoStreaming/CMakeFiles/ArduCAM_Mini_2MP_Plus_4CAM_VideoStreaming.dir/Users/mherbert/pico-sdk/lib/tinyusb/src/common/tusb_fifo.c.obj
 .text._tu_fifo_peek
                0x0000000010006c6c       0x56 Examples/ArduCAM_Mini_2MP_Plus_4CAM_VideoStreaming/CMakeFiles/ArduCAM_Mini_2MP_Plus_4CAM_VideoStreaming.dir/Users/mherbert/pico-sdk/lib/tinyusb/src/common/tusb_fifo.c.obj
 .text._ff_pull_const_addr
                0x0000000010006cc2       0x4c Examples/ArduCAM_Mini_2MP_Plus_4CAM_VideoStreaming/CMakeFiles/ArduCAM_Mini_2MP_Plus_4CAM_VideoStreaming.dir/Users/mherbert/pico-sdk/lib/tinyusb/src/common/tusb_fifo.c.obj
 .text._ff_pull_n
                0x0000000010006d0e      0x110 Examples/ArduCAM_Mini_2MP_Plus_4CAM_VideoStreaming/CMakeFiles/ArduCAM_Mini_2MP_Plus_4CAM_VideoStreaming.dir/Users/mherbert/pico-sdk/lib/tinyusb/src/common/tusb_fifo.c.obj
 .text._tu_fifo_peek_n
                0x0000000010006e1e       0x6a Examples/ArduCAM_Mini_2MP_Plus_4CAM_VideoStreaming/CMakeFiles/ArduCAM_Mini_2MP_Plus_4CAM_VideoStreaming.dir/Users/mherbert/pico-sdk/lib/tinyusb/src/common/tusb_fifo.c.obj
 .text._tu_fifo_read_n
                0x0000000010006e88       0x4e Examples/ArduCAM_Mini_2MP_Plus_4CAM_VideoStreaming/CMakeFiles/ArduCAM_Mini_2MP_Plus_4CAM_VideoStreaming.dir/Users/mherbert/pico-sdk/lib/tinyusb/src/common/tusb_fifo.c.obj
 .text._ff_push_const_addr
                0x0000000010006ed6       0x40 Examples/ArduCAM_Mini_2MP_Plus_4CAM_VideoStreaming/CMakeFiles/ArduCAM_Mini_2MP_Plus_4CAM_VideoStreaming.dir/Users/mherbert/pico-sdk/lib/tinyusb/src/common/tusb_fifo.c.obj
 .text._ff_push_n
                0x0000000010006f16      0x10a Examples/ArduCAM_Mini_2MP_Plus_4CAM_VideoStreaming/CMakeFiles/ArduCAM_Mini_2MP_Plus_4CAM_VideoStreaming.dir/Users/mherbert/pico-sdk/lib/tinyusb/src/common/tusb_fifo.c.obj
 .text._tu_fifo_write_n
                0x0000000010007020       0xf0 Examples/ArduCAM_Mini_2MP_Plus_4CAM_VideoStreaming/CMakeFiles/ArduCAM_Mini_2MP_Plus_4CAM_VideoStreaming.dir/Users/mherbert/pico-sdk/lib/tinyusb/src/common/tusb_fifo.c.obj
 .text.tu_fifo_config
                0x0000000010007110       0x7e Examples/ArduCAM_Mini_2MP_Plus_4CAM_VideoStreaming/CMakeFiles/ArduCAM_Mini_2MP_Plus_4CAM_VideoStreaming.dir/Users/mherbert/pico-sdk/lib/tinyusb/src/common/tusb_fifo.c.obj
                0x0000000010007110                tu_fifo_config
 .text.tu_fifo_count
                0x000000001000718e       0x2a Examples/ArduCAM_Mini_2MP_Plus_4CAM_VideoStreaming/CMakeFiles/ArduCAM_Mini_2MP_Plus_4CAM_VideoStreaming.dir/Users/mherbert/pico-sdk/lib/tinyusb/src/common/tusb_fifo.c.obj
                0x000000001000718e                tu_fifo_count
 .text.tu_fifo_empty
                0x00000000100071b8        0xe Examples/ArduCAM_Mini_2MP_Plus_4CAM_VideoStreaming/CMakeFiles/ArduCAM_Mini_2MP_Plus_4CAM_VideoStreaming.dir/Users/mherbert/pico-sdk/lib/tinyusb/src/common/tusb_fifo.c.obj
                0x00000000100071b8                tu_fifo_empty
 .text.tu_fifo_full
                0x00000000100071c6       0x28 Examples/ArduCAM_Mini_2MP_Plus_4CAM_VideoStreaming/CMakeFiles/ArduCAM_Mini_2MP_Plus_4CAM_VideoStreaming.dir/Users/mherbert/pico-sdk/lib/tinyusb/src/common/tusb_fifo.c.obj
                0x00000000100071c6                tu_fifo_full
 .text.tu_fifo_remaining
                0x00000000100071ee       0x2c Examples/ArduCAM_Mini_2MP_Plus_4CAM_VideoStreaming/CMakeFiles/ArduCAM_Mini_2MP_Plus_4CAM_VideoStreaming.dir/Users/mherbert/pico-sdk/lib/tinyusb/src/common/tusb_fifo.c.obj
                0x00000000100071ee                tu_fifo_remaining
 .text.tu_fifo_read
                0x000000001000721a       0x42 Examples/ArduCAM_Mini_2MP_Plus_4CAM_VideoStreaming/CMakeFiles/ArduCAM_Mini_2MP_Plus_4CAM_VideoStreaming.dir/Users/mherbert/pico-sdk/lib/tinyusb/src/common/tusb_fifo.c.obj
                0x000000001000721a                tu_fifo_read
 .text.tu_fifo_read_n
                0x000000001000725c        0xa Examples/ArduCAM_Mini_2MP_Plus_4CAM_VideoStreaming/CMakeFiles/ArduCAM_Mini_2MP_Plus_4CAM_VideoStreaming.dir/Users/mherbert/pico-sdk/lib/tinyusb/src/common/tusb_fifo.c.obj
                0x000000001000725c                tu_fifo_read_n
 .text.tu_fifo_write
                0x0000000010007266       0x64 Examples/ArduCAM_Mini_2MP_Plus_4CAM_VideoStreaming/CMakeFiles/ArduCAM_Mini_2MP_Plus_4CAM_VideoStreaming.dir/Users/mherbert/pico-sdk/lib/tinyusb/src/common/tusb_fifo.c.obj
                0x0000000010007266                tu_fifo_write
 .text.tu_fifo_write_n
                0x00000000100072ca        0xa Examples/ArduCAM_Mini_2MP_Plus_4CAM_VideoStreaming/CMakeFiles/ArduCAM_Mini_2MP_Plus_4CAM_VideoStreaming.dir/Users/mherbert/pico-sdk/lib/tinyusb/src/common/tusb_fifo.c.obj
                0x00000000100072ca                tu_fifo_write_n
 .text.tu_fifo_clear
                0x00000000100072d4       0x3e Examples/ArduCAM_Mini_2MP_Plus_4CAM_VideoStreaming/CMakeFiles/ArduCAM_Mini_2MP_Plus_4CAM_VideoStreaming.dir/Users/mherbert/pico-sdk/lib/tinyusb/src/common/tusb_fifo.c.obj
                0x00000000100072d4                tu_fifo_clear
 .text.tu_fifo_set_overwritable
                0x0000000010007312       0x46 Examples/ArduCAM_Mini_2MP_Plus_4CAM_VideoStreaming/CMakeFiles/ArduCAM_Mini_2MP_Plus_4CAM_VideoStreaming.dir/Users/mherbert/pico-sdk/lib/tinyusb/src/common/tusb_fifo.c.obj
                0x0000000010007312                tu_fifo_set_overwritable
 .text.i2c_write_blocking_internal
                0x0000000010007358      0x13c Examples/ArduCAM_Mini_2MP_Plus_4CAM_VideoStreaming/CMakeFiles/ArduCAM_Mini_2MP_Plus_4CAM_VideoStreaming.dir/Users/mherbert/pico-sdk/src/rp2_common/hardware_i2c/i2c.c.obj
 .text.i2c_read_blocking_internal
                0x0000000010007494       0xe0 Examples/ArduCAM_Mini_2MP_Plus_4CAM_VideoStreaming/CMakeFiles/ArduCAM_Mini_2MP_Plus_4CAM_VideoStreaming.dir/Users/mherbert/pico-sdk/src/rp2_common/hardware_i2c/i2c.c.obj
 .text.i2c_set_baudrate
                0x0000000010007574       0xf0 Examples/ArduCAM_Mini_2MP_Plus_4CAM_VideoStreaming/CMakeFiles/ArduCAM_Mini_2MP_Plus_4CAM_VideoStreaming.dir/Users/mherbert/pico-sdk/src/rp2_common/hardware_i2c/i2c.c.obj
                0x0000000010007574                i2c_set_baudrate
 .text.i2c_init
                0x0000000010007664       0x58 Examples/ArduCAM_Mini_2MP_Plus_4CAM_VideoStreaming/CMakeFiles/ArduCAM_Mini_2MP_Plus_4CAM_VideoStreaming.dir/Users/mherbert/pico-sdk/src/rp2_common/hardware_i2c/i2c.c.obj
                0x0000000010007664                i2c_init
 .text.i2c_write_blocking
                0x00000000100076bc       0x18 Examples/ArduCAM_Mini_2MP_Plus_4CAM_VideoStreaming/CMakeFiles/ArduCAM_Mini_2MP_Plus_4CAM_VideoStreaming.dir/Users/mherbert/pico-sdk/src/rp2_common/hardware_i2c/i2c.c.obj
                0x00000000100076bc                i2c_write_blocking
 .text.i2c_read_blocking
                0x00000000100076d4       0x18 Examples/ArduCAM_Mini_2MP_Plus_4CAM_VideoStreaming/CMakeFiles/ArduCAM_Mini_2MP_Plus_4CAM_VideoStreaming.dir/Users/mherbert/pico-sdk/src/rp2_common/hardware_i2c/i2c.c.obj
                0x00000000100076d4                i2c_read_blocking
 .text._ZN7ArduCAMC2Ehi
                0x00000000100076ec       0x2e Examples/ArduCAM_Mini_2MP_Plus_4CAM_VideoStreaming/CMakeFiles/ArduCAM_Mini_2MP_Plus_4CAM_VideoStreaming.dir/__/__/ArduCAM/ArduCAM.cpp.obj
                0x00000000100076ec                ArduCAM::ArduCAM(unsigned char, int)
                0x00000000100076ec                ArduCAM::ArduCAM(unsigned char, int)
 .text._ZN7ArduCAM7CS_HIGHEv
                0x000000001000771a        0xe Examples/ArduCAM_Mini_2MP_Plus_4CAM_VideoStreaming/CMakeFiles/ArduCAM_Mini_2MP_Plus_4CAM_VideoStreaming.dir/__/__/ArduCAM/ArduCAM.cpp.obj
                0x000000001000771a                ArduCAM::CS_HIGH()
 .text._ZN7ArduCAM6CS_LOWEv
                0x0000000010007728        0xe Examples/ArduCAM_Mini_2MP_Plus_4CAM_VideoStreaming/CMakeFiles/ArduCAM_Mini_2MP_Plus_4CAM_VideoStreaming.dir/__/__/ArduCAM/ArduCAM.cpp.obj
                0x0000000010007728                ArduCAM::CS_LOW()
 *fill*         0x0000000010007736        0x2 
 .text._ZN7ArduCAM8read_regEh
                0x0000000010007738       0x50 Examples/ArduCAM_Mini_2MP_Plus_4CAM_VideoStreaming/CMakeFiles/ArduCAM_Mini_2MP_Plus_4CAM_VideoStreaming.dir/__/__/ArduCAM/ArduCAM.cpp.obj
                0x0000000010007738                ArduCAM::read_reg(unsigned char)
 .text._ZN7ArduCAM9write_regEhh
                0x0000000010007788       0x40 Examples/ArduCAM_Mini_2MP_Plus_4CAM_VideoStreaming/CMakeFiles/ArduCAM_Mini_2MP_Plus_4CAM_VideoStreaming.dir/__/__/ArduCAM/ArduCAM.cpp.obj
                0x0000000010007788                ArduCAM::write_reg(unsigned char, unsigned char)
 .text._ZN7ArduCAM15clear_fifo_flagEv
                0x00000000100077c8        0xc Examples/ArduCAM_Mini_2MP_Plus_4CAM_VideoStreaming/CMakeFiles/ArduCAM_Mini_2MP_Plus_4CAM_VideoStreaming.dir/__/__/ArduCAM/ArduCAM.cpp.obj
                0x00000000100077c8                ArduCAM::clear_fifo_flag()
 .text._ZN7ArduCAM16read_fifo_lengthEv
                0x00000000100077d4       0x30 Examples/ArduCAM_Mini_2MP_Plus_4CAM_VideoStreaming/CMakeFiles/ArduCAM_Mini_2MP_Plus_4CAM_VideoStreaming.dir/__/__/ArduCAM/ArduCAM.cpp.obj
                0x00000000100077d4                ArduCAM::read_fifo_length()
 .text._ZN7ArduCAM14set_fifo_burstEv
                0x0000000010007804       0x1c Examples/ArduCAM_Mini_2MP_Plus_4CAM_VideoStreaming/CMakeFiles/ArduCAM_Mini_2MP_Plus_4CAM_VideoStreaming.dir/__/__/ArduCAM/ArduCAM.cpp.obj
                0x0000000010007804                ArduCAM::set_fifo_burst()
 .text._ZN7ArduCAM15wrSensorReg16_8Eii
                0x0000000010007820       0x30 Examples/ArduCAM_Mini_2MP_Plus_4CAM_VideoStreaming/CMakeFiles/ArduCAM_Mini_2MP_Plus_4CAM_VideoStreaming.dir/__/__/ArduCAM/ArduCAM.cpp.obj
                0x0000000010007820                ArduCAM::wrSensorReg16_8(int, int)
 .text._ZN7ArduCAM16wrSensorRegs16_8EPK10sensor_reg
                0x0000000010007850       0x38 Examples/ArduCAM_Mini_2MP_Plus_4CAM_VideoStreaming/CMakeFiles/ArduCAM_Mini_2MP_Plus_4CAM_VideoStreaming.dir/__/__/ArduCAM/ArduCAM.cpp.obj
                0x0000000010007850                ArduCAM::wrSensorRegs16_8(sensor_reg const*)
 .text._ZN7ArduCAM14wrSensorReg8_8Eii
                0x0000000010007888       0x24 Examples/ArduCAM_Mini_2MP_Plus_4CAM_VideoStreaming/CMakeFiles/ArduCAM_Mini_2MP_Plus_4CAM_VideoStreaming.dir/__/__/ArduCAM/ArduCAM.cpp.obj
                0x0000000010007888                ArduCAM::wrSensorReg8_8(int, int)
 .text._ZN7ArduCAM15wrSensorRegs8_8EPK10sensor_reg
                0x00000000100078ac       0x30 Examples/ArduCAM_Mini_2MP_Plus_4CAM_VideoStreaming/CMakeFiles/ArduCAM_Mini_2MP_Plus_4CAM_VideoStreaming.dir/__/__/ArduCAM/ArduCAM.cpp.obj
                0x00000000100078ac                ArduCAM::wrSensorRegs8_8(sensor_reg const*)
 .text._ZN7ArduCAM14rdSensorReg8_8EhPh
                0x00000000100078dc       0x38 Examples/ArduCAM_Mini_2MP_Plus_4CAM_VideoStreaming/CMakeFiles/ArduCAM_Mini_2MP_Plus_4CAM_VideoStreaming.dir/__/__/ArduCAM/ArduCAM.cpp.obj
                0x00000000100078dc                ArduCAM::rdSensorReg8_8(unsigned char, unsigned char*)
 .text._ZN7ArduCAM15rdSensorReg16_8EtPh
                0x0000000010007914       0x3c Examples/ArduCAM_Mini_2MP_Plus_4CAM_VideoStreaming/CMakeFiles/ArduCAM_Mini_2MP_Plus_4CAM_VideoStreaming.dir/__/__/ArduCAM/ArduCAM.cpp.obj
                0x0000000010007914                ArduCAM::rdSensorReg16_8(unsigned short, unsigned char*)
 .text._ZN7ArduCAM7InitCAMEv
                0x0000000010007950      0x1ac Examples/ArduCAM_Mini_2MP_Plus_4CAM_VideoStreaming/CMakeFiles/ArduCAM_Mini_2MP_Plus_4CAM_VideoStreaming.dir/__/__/ArduCAM/ArduCAM.cpp.obj
                0x0000000010007950                ArduCAM::InitCAM()
 .text._ZN7ArduCAM20OV2640_set_JPEG_sizeEh
                0x0000000010007afc       0x88 Examples/ArduCAM_Mini_2MP_Plus_4CAM_VideoStreaming/CMakeFiles/ArduCAM_Mini_2MP_Plus_4CAM_VideoStreaming.dir/__/__/ArduCAM/ArduCAM.cpp.obj
                0x0000000010007afc                ArduCAM::OV2640_set_JPEG_size(unsigned char)
 .text._ZN7ArduCAM10set_formatEh
                0x0000000010007b84       0x1a Examples/ArduCAM_Mini_2MP_Plus_4CAM_VideoStreaming/CMakeFiles/ArduCAM_Mini_2MP_Plus_4CAM_VideoStreaming.dir/__/__/ArduCAM/ArduCAM.cpp.obj
                0x0000000010007b84                ArduCAM::set_format(unsigned char)
 *fill*         0x0000000010007b9e        0x2 
 .text._ZN7ArduCAM12Arducam_initEv
                0x0000000010007ba0       0x60 Examples/ArduCAM_Mini_2MP_Plus_4CAM_VideoStreaming/CMakeFiles/ArduCAM_Mini_2MP_Plus_4CAM_VideoStreaming.dir/__/__/ArduCAM/ArduCAM.cpp.obj
                0x0000000010007ba0                ArduCAM::Arducam_init()
 .text.spi_set_baudrate
                0x0000000010007c00       0xce Examples/ArduCAM_Mini_2MP_Plus_4CAM_VideoStreaming/CMakeFiles/ArduCAM_Mini_2MP_Plus_4CAM_VideoStreaming.dir/Users/mherbert/pico-sdk/src/rp2_common/hardware_spi/spi.c.obj
                0x0000000010007c00                spi_set_baudrate
 *fill*         0x0000000010007cce        0x2 
 .text.spi_init
                0x0000000010007cd0       0x74 Examples/ArduCAM_Mini_2MP_Plus_4CAM_VideoStreaming/CMakeFiles/ArduCAM_Mini_2MP_Plus_4CAM_VideoStreaming.dir/Users/mherbert/pico-sdk/src/rp2_common/hardware_spi/spi.c.obj
                0x0000000010007cd0                spi_init
 .text.malloc   0x0000000010007d44       0x14 /usr/local/Cellar/arm-gcc-bin/9-2019-q4-major/bin/../lib/gcc/arm-none-eabi/9.2.1/../../../../arm-none-eabi/lib/thumb/v6-m/nofp/libg.a(lib_a-malloc.o)
                0x0000000010007d44                malloc
 .text.free     0x0000000010007d58       0x14 /usr/local/Cellar/arm-gcc-bin/9-2019-q4-major/bin/../lib/gcc/arm-none-eabi/9.2.1/../../../../arm-none-eabi/lib/thumb/v6-m/nofp/libg.a(lib_a-malloc.o)
                0x0000000010007d58                free
 .text._malloc_r
                0x0000000010007d6c      0x580 /usr/local/Cellar/arm-gcc-bin/9-2019-q4-major/bin/../lib/gcc/arm-none-eabi/9.2.1/../../../../arm-none-eabi/lib/thumb/v6-m/nofp/libg.a(lib_a-mallocr.o)
                0x0000000010007d6c                _malloc_r
 .text.__malloc_lock
                0x00000000100082ec       0x10 /usr/local/Cellar/arm-gcc-bin/9-2019-q4-major/bin/../lib/gcc/arm-none-eabi/9.2.1/../../../../arm-none-eabi/lib/thumb/v6-m/nofp/libg.a(lib_a-mlock.o)
                0x00000000100082ec                __malloc_lock
 .text.__malloc_unlock
                0x00000000100082fc       0x10 /usr/local/Cellar/arm-gcc-bin/9-2019-q4-major/bin/../lib/gcc/arm-none-eabi/9.2.1/../../../../arm-none-eabi/lib/thumb/v6-m/nofp/libg.a(lib_a-mlock.o)
                0x00000000100082fc                __malloc_unlock
 .text._sbrk_r  0x000000001000830c       0x24 /usr/local/Cellar/arm-gcc-bin/9-2019-q4-major/bin/../lib/gcc/arm-none-eabi/9.2.1/../../../../arm-none-eabi/lib/thumb/v6-m/nofp/libg.a(lib_a-sbrkr.o)
                0x000000001000830c                _sbrk_r
 .text.strlen   0x0000000010008330       0x5c /usr/local/Cellar/arm-gcc-bin/9-2019-q4-major/bin/../lib/gcc/arm-none-eabi/9.2.1/../../../../arm-none-eabi/lib/thumb/v6-m/nofp/libg.a(lib_a-strlen-stub.o)
                0x0000000010008330                strlen
 .text._malloc_trim_r
                0x000000001000838c       0x9c /usr/local/Cellar/arm-gcc-bin/9-2019-q4-major/bin/../lib/gcc/arm-none-eabi/9.2.1/../../../../arm-none-eabi/lib/thumb/v6-m/nofp/libg.a(lib_a-freer.o)
                0x000000001000838c                _malloc_trim_r
 .text._free_r  0x0000000010008428      0x1c4 /usr/local/Cellar/arm-gcc-bin/9-2019-q4-major/bin/../lib/gcc/arm-none-eabi/9.2.1/../../../../arm-none-eabi/lib/thumb/v6-m/nofp/libg.a(lib_a-freer.o)
                0x0000000010008428                _free_r
 .text.__retarget_lock_acquire_recursive
                0x00000000100085ec        0x4 /usr/local/Cellar/arm-gcc-bin/9-2019-q4-major/bin/../lib/gcc/arm-none-eabi/9.2.1/../../../../arm-none-eabi/lib/thumb/v6-m/nofp/libg.a(lib_a-lock.o)
                0x00000000100085ec                __retarget_lock_acquire_recursive
 .text.__retarget_lock_release_recursive
                0x00000000100085f0        0x4 /usr/local/Cellar/arm-gcc-bin/9-2019-q4-major/bin/../lib/gcc/arm-none-eabi/9.2.1/../../../../arm-none-eabi/lib/thumb/v6-m/nofp/libg.a(lib_a-lock.o)
                0x00000000100085f0                __retarget_lock_release_recursive
 *(.fini)
 .fini          0x00000000100085f4        0x4 /usr/local/Cellar/arm-gcc-bin/9-2019-q4-major/bin/../lib/gcc/arm-none-eabi/9.2.1/thumb/v6-m/nofp/crti.o
                0x00000000100085f4                _fini
 .fini.__stub   0x00000000100085f8      0x100 linker stubs
 *crtbegin.o(.ctors)
 *crtbegin?.o(.ctors)
 *(EXCLUDE_FILE(*crtend.o *crtend?.o) .ctors)
 *(SORT_BY_NAME(.ctors.*))
 *(.ctors)
 *crtbegin.o(.dtors)
 *crtbegin?.o(.dtors)
 *(EXCLUDE_FILE(*crtend.o *crtend?.o) .dtors)
 *(SORT_BY_NAME(.dtors.*))
 *(.dtors)
 *(.eh_frame*)
 .eh_frame      0x00000000100086f8        0x0 /usr/local/Cellar/arm-gcc-bin/9-2019-q4-major/bin/../lib/gcc/arm-none-eabi/9.2.1/thumb/v6-m/nofp/crtbegin.o
                0x00000000100086f8                . = ALIGN (0x4)

.glue_7         0x00000000100086f8        0x0
 .glue_7        0x00000000100086f8        0x0 linker stubs

.glue_7t        0x00000000100086f8        0x0
 .glue_7t       0x00000000100086f8        0x0 linker stubs

.vfp11_veneer   0x00000000100086f8        0x0
 .vfp11_veneer  0x00000000100086f8        0x0 linker stubs

.v4_bx          0x00000000100086f8        0x0
 .v4_bx         0x00000000100086f8        0x0 linker stubs

.iplt           0x00000000100086f8        0x0
 .iplt          0x00000000100086f8        0x0 /usr/local/Cellar/arm-gcc-bin/9-2019-q4-major/bin/../lib/gcc/arm-none-eabi/9.2.1/thumb/v6-m/nofp/crtbegin.o

.rodata         0x00000000100086f8     0x3374
 *(EXCLUDE_FILE(*libm.a: *libc.a:*lib_a-mem*.o *libgcc.a:) .rodata*)
 .rodata.main.str1.4
                0x00000000100086f8      0x1f7 Examples/ArduCAM_Mini_2MP_Plus_4CAM_VideoStreaming/CMakeFiles/ArduCAM_Mini_2MP_Plus_4CAM_VideoStreaming.dir/ArduCAM_Mini_2MP_Plus_4CAM_VideoStreaming.cpp.obj
 *fill*         0x00000000100088ef        0x1 
 .rodata.main   0x00000000100088f0       0x84 Examples/ArduCAM_Mini_2MP_Plus_4CAM_VideoStreaming/CMakeFiles/ArduCAM_Mini_2MP_Plus_4CAM_VideoStreaming.dir/ArduCAM_Mini_2MP_Plus_4CAM_VideoStreaming.cpp.obj
 .rodata.spin_lock_claim_unused.str1.4
                0x0000000010008974       0x1b Examples/ArduCAM_Mini_2MP_Plus_4CAM_VideoStreaming/CMakeFiles/ArduCAM_Mini_2MP_Plus_4CAM_VideoStreaming.dir/Users/mherbert/pico-sdk/src/rp2_common/hardware_sync/sync.c.obj
 *fill*         0x000000001000898f        0x1 
 .rodata.make_branch.str1.4
                0x0000000010008990       0x6b Examples/ArduCAM_Mini_2MP_Plus_4CAM_VideoStreaming/CMakeFiles/ArduCAM_Mini_2MP_Plus_4CAM_VideoStreaming.dir/Users/mherbert/pico-sdk/src/rp2_common/hardware_irq/irq.c.obj
 *fill*         0x00000000100089fb        0x1 
 .rodata.insert_branch_and_link.str1.4
                0x00000000100089fc       0x10 Examples/ArduCAM_Mini_2MP_Plus_4CAM_VideoStreaming/CMakeFiles/ArduCAM_Mini_2MP_Plus_4CAM_VideoStreaming.dir/Users/mherbert/pico-sdk/src/rp2_common/hardware_irq/irq.c.obj
 .rodata.irq_set_exclusive_handler.str1.4